Archive member included to satisfy reference by file (symbol)

libbb/lib.a(appletlib.o)      /usr/lib/gcc/x86_64-alpine-linux-musl/9.2.0/../../../../lib/rcrt1.o (main)
libbb/lib.a(compare_string_array.o)
                              libbb/lib.a(appletlib.o) (is_prefixed_with)
libbb/lib.a(default_error_retval.o)
                              libbb/lib.a(appletlib.o) (xfunc_error_retval)
libbb/lib.a(get_last_path_component.o)
                              libbb/lib.a(appletlib.o) (bb_basename)
libbb/lib.a(last_char_is.o)   libbb/lib.a(get_last_path_component.o) (last_char_is)
libbb/lib.a(xfunc_die.o)      libbb/lib.a(appletlib.o) (xfunc_die)
libbb/lib.a(xfuncs.o)         libbb/lib.a(appletlib.o) (full_write2_str)
libbb/lib.a(full_write.o)     libbb/lib.a(xfuncs.o) (full_write)
libbb/lib.a(messages.o)       libbb/lib.a(xfuncs.o) (bb_hexdigits_upcase)
libbb/lib.a(perror_msg.o)     libbb/lib.a(xfuncs.o) (bb_perror_msg_and_die)
libbb/lib.a(safe_write.o)     libbb/lib.a(full_write.o) (safe_write)
libbb/lib.a(verror_msg.o)     libbb/lib.a(perror_msg.o) (bb_verror_msg)
libbb/lib.a(xfuncs_printf.o)  libbb/lib.a(verror_msg.o) (fflush_all)
libbb/lib.a(copyfd.o)         libbb/lib.a(xfuncs_printf.o) (bb_copyfd_eof)
libbb/lib.a(read.o)           libbb/lib.a(copyfd.o) (safe_read)
libbb/lib.a(signals.o)        libbb/lib.a(xfuncs_printf.o) (kill_myself_with_sig)
libbb/lib.a(time.o)           libbb/lib.a(xfuncs_printf.o) (monotonic_us)
libbb/lib.a(bb_strtonum.o)    libbb/lib.a(time.o) (bb_strtoll)
modutils/lib.a(modprobe.o)    libbb/lib.a(appletlib.o) (modprobe_main)
modutils/lib.a(modutils.o)    modutils/lib.a(modprobe.o) (replace)
shell/lib.a(hush.o)           libbb/lib.a(appletlib.o) (hush_main)
shell/lib.a(match.o)          shell/lib.a(hush.o) (scan_and_match)
shell/lib.a(shell_common.o)   shell/lib.a(hush.o) (defifsvar)
util-linux/lib.a(findfs.o)    libbb/lib.a(appletlib.o) (findfs_main)
util-linux/lib.a(losetup.o)   libbb/lib.a(appletlib.o) (losetup_main)
util-linux/lib.a(mount.o)     libbb/lib.a(appletlib.o) (mount_main)
util-linux/lib.a(switch_root.o)
                              libbb/lib.a(appletlib.o) (switch_root_main)
util-linux/volume_id/lib.a(get_devname.o)
                              util-linux/lib.a(findfs.o) (resolve_mount_spec)
util-linux/volume_id/lib.a(volume_id.o)
                              util-linux/volume_id/lib.a(get_devname.o) (volume_id_probe_all)
util-linux/volume_id/lib.a(ext.o)
                              util-linux/volume_id/lib.a(volume_id.o) (volume_id_probe_ext)
util-linux/volume_id/lib.a(sysv.o)
                              util-linux/volume_id/lib.a(volume_id.o) (volume_id_probe_sysv)
util-linux/volume_id/lib.a(util.o)
                              util-linux/volume_id/lib.a(ext.o) (volume_id_set_label_string)
coreutils/lib.a(cat.o)        libbb/lib.a(appletlib.o) (cat_main)
coreutils/lib.a(echo.o)       shell/lib.a(hush.o) (echo_main)
coreutils/lib.a(mkdir.o)      libbb/lib.a(appletlib.o) (mkdir_main)
coreutils/lib.a(sleep.o)      libbb/lib.a(appletlib.o) (sleep_main)
coreutils/lib.a(test.o)       shell/lib.a(hush.o) (test_main)
coreutils/lib.a(test_ptr_hack.o)
                              coreutils/lib.a(test.o) (test_ptr_to_statics)
libbb/lib.a(bb_cat.o)         coreutils/lib.a(cat.o) (bb_cat)
libbb/lib.a(bb_getgroups.o)   coreutils/lib.a(test.o) (bb_getgroups)
libbb/lib.a(common_bufsiz.o)  util-linux/lib.a(mount.o) (bb_common_bufsiz1)
libbb/lib.a(concat_path_file.o)
                              util-linux/lib.a(switch_root.o) (concat_path_file)
libbb/lib.a(endofname.o)      shell/lib.a(hush.o) (endofname)
libbb/lib.a(fflush_stdout_and_exit.o)
                              coreutils/lib.a(cat.o) (fflush_stdout_and_exit)
libbb/lib.a(find_mount_point.o)
                              util-linux/lib.a(mount.o) (find_mount_point)
libbb/lib.a(get_line_from_file.o)
                              util-linux/lib.a(mount.o) (xmalloc_fgetline)
libbb/lib.a(getopt32.o)       modutils/lib.a(modprobe.o) (option_mask32)
libbb/lib.a(llist.o)          modutils/lib.a(modprobe.o) (llist_add_to)
libbb/lib.a(login.o)          util-linux/lib.a(mount.o) (sanitize_env_if_suid)
libbb/lib.a(loop.o)           util-linux/lib.a(losetup.o) (query_loop)
libbb/lib.a(make_directory.o)
                              coreutils/lib.a(mkdir.o) (bb_make_directory)
libbb/lib.a(match_fstype.o)   util-linux/lib.a(mount.o) (fstype_matches)
libbb/lib.a(parse_config.o)   modutils/lib.a(modprobe.o) (config_open2)
libbb/lib.a(parse_mode.o)     coreutils/lib.a(mkdir.o) (bb_parse_mode)
libbb/lib.a(perror_nomsg_and_die.o)
                              modutils/lib.a(modprobe.o) (bb_perror_nomsg_and_die)
libbb/lib.a(print_numbered_lines.o)
                              coreutils/lib.a(cat.o) (print_numbered_lines)
libbb/lib.a(printable.o)      coreutils/lib.a(cat.o) (visible)
libbb/lib.a(ptr_to_globals.o)
                              modutils/lib.a(modprobe.o) (ptr_to_globals)
[...]
Memory Configuration

Name             Origin             Length             Attributes
*default*        0x0000000000000000 0xffffffffffffffff

Linker script and memory map

LOAD /usr/lib/gcc/x86_64-alpine-linux-musl/9.2.0/../../../../lib/rcrt1.o
LOAD /usr/lib/gcc/x86_64-alpine-linux-musl/9.2.0/../../../../lib/crti.o
LOAD /usr/lib/gcc/x86_64-alpine-linux-musl/9.2.0/crtbeginS.o
START GROUP
LOAD applets/built-in.o
LOAD archival/lib.a
LOAD archival/libarchive/lib.a
LOAD console-tools/lib.a
LOAD coreutils/lib.a
LOAD coreutils/libcoreutils/lib.a
LOAD debianutils/lib.a
LOAD klibc-utils/lib.a
LOAD e2fsprogs/lib.a
LOAD editors/lib.a
LOAD findutils/lib.a
LOAD init/lib.a
LOAD libbb/lib.a
LOAD libpwdgrp/lib.a
LOAD loginutils/lib.a
LOAD mailutils/lib.a
LOAD miscutils/lib.a
LOAD modutils/lib.a
LOAD networking/lib.a
LOAD networking/libiproute/lib.a
LOAD networking/udhcp/lib.a
LOAD printutils/lib.a
LOAD procps/lib.a
LOAD runit/lib.a
LOAD selinux/lib.a
LOAD shell/lib.a
LOAD sysklogd/lib.a
LOAD util-linux/lib.a
LOAD util-linux/volume_id/lib.a
LOAD archival/built-in.o
LOAD archival/libarchive/built-in.o
LOAD console-tools/built-in.o
LOAD coreutils/built-in.o
LOAD coreutils/libcoreutils/built-in.o
LOAD debianutils/built-in.o
LOAD klibc-utils/built-in.o
LOAD e2fsprogs/built-in.o
LOAD editors/built-in.o
LOAD findutils/built-in.o
LOAD init/built-in.o
LOAD libbb/built-in.o
LOAD libpwdgrp/built-in.o
LOAD loginutils/built-in.o
LOAD mailutils/built-in.o
LOAD miscutils/built-in.o
LOAD modutils/built-in.o
LOAD networking/built-in.o
LOAD networking/libiproute/built-in.o
LOAD networking/udhcp/built-in.o
LOAD printutils/built-in.o
LOAD procps/built-in.o
LOAD runit/built-in.o
LOAD selinux/built-in.o
LOAD shell/built-in.o
LOAD sysklogd/built-in.o
LOAD util-linux/built-in.o
LOAD util-linux/volume_id/built-in.o
END GROUP
START GROUP
END GROUP
LOAD /usr/lib/gcc/x86_64-alpine-linux-musl/9.2.0/../../../../lib/libssp_nonshared.a
START GROUP
LOAD /usr/lib/gcc/x86_64-alpine-linux-musl/9.2.0/libgcc.a
LOAD /usr/lib/gcc/x86_64-alpine-linux-musl/9.2.0/libgcc_eh.a
LOAD /usr/lib/gcc/x86_64-alpine-linux-musl/9.2.0/../../../../lib/libc.a
END GROUP
LOAD /usr/lib/gcc/x86_64-alpine-linux-musl/9.2.0/crtendS.o
LOAD /usr/lib/gcc/x86_64-alpine-linux-musl/9.2.0/../../../../lib/crtn.o
                [!provide]                        PROVIDE (__executable_start = SEGMENT_START ("text-segment", 0x0))
                0x00000000000001c8                . = (SEGMENT_START ("text-segment", 0x0) + SIZEOF_HEADERS)

.interp
 *(SORT_BY_ALIGNMENT(.interp))

.note.gnu.build-id
 *(SORT_BY_ALIGNMENT(.note.gnu.build-id))

.hash
 *(SORT_BY_ALIGNMENT(.hash))

.gnu.hash       0x00000000000001c8       0x1c
 *(SORT_BY_ALIGNMENT(.gnu.hash))
 .gnu.hash      0x00000000000001c8       0x1c /usr/lib/gcc/x86_64-alpine-linux-musl/9.2.0/../../../../lib/rcrt1.o

.dynsym         0x00000000000001e8       0x18
 *(SORT_BY_ALIGNMENT(.dynsym))
 .dynsym        0x00000000000001e8       0x18 /usr/lib/gcc/x86_64-alpine-linux-musl/9.2.0/../../../../lib/rcrt1.o

.dynstr         0x0000000000000200        0x1
 *(SORT_BY_ALIGNMENT(.dynstr))
 .dynstr        0x0000000000000200        0x1 /usr/lib/gcc/x86_64-alpine-linux-musl/9.2.0/../../../../lib/rcrt1.o

.gnu.version    0x0000000000000202        0x0
 *(SORT_BY_ALIGNMENT(.gnu.version))
 .gnu.version   0x0000000000000202        0x0 /usr/lib/gcc/x86_64-alpine-linux-musl/9.2.0/../../../../lib/rcrt1.o

.gnu.version_d  0x0000000000000208        0x0
 *(SORT_BY_ALIGNMENT(.gnu.version_d))
 .gnu.version_d
                0x0000000000000208        0x0 /usr/lib/gcc/x86_64-alpine-linux-musl/9.2.0/../../../../lib/rcrt1.o

.gnu.version_r  0x0000000000000208        0x0
 *(SORT_BY_ALIGNMENT(.gnu.version_r))
 .gnu.version_r
                0x0000000000000208        0x0 /usr/lib/gcc/x86_64-alpine-linux-musl/9.2.0/../../../../lib/rcrt1.o

.rela.dyn       0x0000000000000208      0x678
 *(SORT_BY_ALIGNMENT(.rela.init))
 *(SORT_BY_ALIGNMENT(.rela.text) SORT_BY_ALIGNMENT(.rela.text.*) SORT_BY_ALIGNMENT(.rela.gnu.linkonce.t.*))
 .rela.text     0x0000000000000208        0x0 /usr/lib/gcc/x86_64-alpine-linux-musl/9.2.0/../../../../lib/rcrt1.o
 .rela.text.run_applet_no_and_exit
                0x0000000000000208        0x0 /usr/lib/gcc/x86_64-alpine-linux-musl/9.2.0/../../../../lib/rcrt1.o
 .rela.text.main
                0x0000000000000208        0x0 /usr/lib/gcc/x86_64-alpine-linux-musl/9.2.0/../../../../lib/rcrt1.o
 .rela.text.xfunc_die
                0x0000000000000208        0x0 /usr/lib/gcc/x86_64-alpine-linux-musl/9.2.0/../../../../lib/rcrt1.o
 .rela.text.bb_verror_msg
                0x0000000000000208        0x0 /usr/lib/gcc/x86_64-alpine-linux-musl/9.2.0/../../../../lib/rcrt1.o
 .rela.text.load_modules_dep
                0x0000000000000208        0x0 /usr/lib/gcc/x86_64-alpine-linux-musl/9.2.0/../../../../lib/rcrt1.o
 .rela.text.get_or_add_modentry
                0x0000000000000208        0x0 /usr/lib/gcc/x86_64-alpine-linux-musl/9.2.0/../../../../lib/rcrt1.o
 .rela.text.add_probe
                0x0000000000000208        0x0 /usr/lib/gcc/x86_64-alpine-linux-musl/9.2.0/../../../../lib/rcrt1.o
 .rela.text.config_file_action
                0x0000000000000208        0x0 /usr/lib/gcc/x86_64-alpine-linux-musl/9.2.0/../../../../lib/rcrt1.o
 .rela.text.do_modprobe
                0x0000000000000208        0x0 /usr/lib/gcc/x86_64-alpine-linux-musl/9.2.0/../../../../lib/rcrt1.o
 .rela.text.modprobe_main
                0x0000000000000208        0x0 /usr/lib/gcc/x86_64-alpine-linux-musl/9.2.0/../../../../lib/rcrt1.o
 .rela.text.get_cwd
                0x0000000000000208        0x0 /usr/lib/gcc/x86_64-alpine-linux-musl/9.2.0/../../../../lib/rcrt1.o
 .rela.text.enter_var_nest_level
                0x0000000000000208        0x0 /usr/lib/gcc/x86_64-alpine-linux-musl/9.2.0/../../../../lib/rcrt1.o
 .rela.text.get_ptr_to_local_var
                0x0000000000000208        0x0 /usr/lib/gcc/x86_64-alpine-linux-musl/9.2.0/../../../../lib/rcrt1.o
 .rela.text.find_function_slot
                0x0000000000000208        0x0 /usr/lib/gcc/x86_64-alpine-linux-musl/9.2.0/../../../../lib/rcrt1.o
 .rela.text.set_local_var
                0x0000000000000208        0x0 /usr/lib/gcc/x86_64-alpine-linux-musl/9.2.0/../../../../lib/rcrt1.o
 .rela.text.set_vars_and_save_old
                0x0000000000000208        0x0 /usr/lib/gcc/x86_64-alpine-linux-musl/9.2.0/../../../../lib/rcrt1.o
 .rela.text.get_local_var_value
                0x0000000000000208        0x0 /usr/lib/gcc/x86_64-alpine-linux-musl/9.2.0/../../../../lib/rcrt1.o
 .rela.text.save_and_replace_G_args
                0x0000000000000208        0x0 /usr/lib/gcc/x86_64-alpine-linux-musl/9.2.0/../../../../lib/rcrt1.o
 .rela.text.builtin_return
                0x0000000000000208        0x0 /usr/lib/gcc/x86_64-alpine-linux-musl/9.2.0/../../../../lib/rcrt1.o
 .rela.text.builtin_break
                0x0000000000000208        0x0 /usr/lib/gcc/x86_64-alpine-linux-musl/9.2.0/../../../../lib/rcrt1.o
 .rela.text.builtin_continue
                0x0000000000000208        0x0 /usr/lib/gcc/x86_64-alpine-linux-musl/9.2.0/../../../../lib/rcrt1.o
 .rela.text.builtin_shift
                0x0000000000000208        0x0 /usr/lib/gcc/x86_64-alpine-linux-musl/9.2.0/../../../../lib/rcrt1.o
 .rela.text.builtin_local
                0x0000000000000208        0x0 /usr/lib/gcc/x86_64-alpine-linux-musl/9.2.0/../../../../lib/rcrt1.o
 .rela.text.builtin_export
                0x0000000000000208        0x0 /usr/lib/gcc/x86_64-alpine-linux-musl/9.2.0/../../../../lib/rcrt1.o
 .rela.text.restore_ttypgrp_and__exit
                0x0000000000000208        0x0 /usr/lib/gcc/x86_64-alpine-linux-musl/9.2.0/../../../../lib/rcrt1.o
 .rela.text.builtin_exit
                0x0000000000000208        0x0 /usr/lib/gcc/x86_64-alpine-linux-musl/9.2.0/../../../../lib/rcrt1.o
 .rela.text.die_if_script
                0x0000000000000208        0x0 /usr/lib/gcc/x86_64-alpine-linux-musl/9.2.0/../../../../lib/rcrt1.o
 .rela.text.hfclose
                0x0000000000000208        0x0 /usr/lib/gcc/x86_64-alpine-linux-musl/9.2.0/../../../../lib/rcrt1.o
 .rela.text.install_sighandler
                0x0000000000000208        0x0 /usr/lib/gcc/x86_64-alpine-linux-musl/9.2.0/../../../../lib/rcrt1.o
 .rela.text.reset_traps_to_defaults
                0x0000000000000208        0x0 /usr/lib/gcc/x86_64-alpine-linux-musl/9.2.0/../../../../lib/rcrt1.o
 .rela.text.install_special_sighandlers
                0x0000000000000208        0x0 /usr/lib/gcc/x86_64-alpine-linux-musl/9.2.0/../../../../lib/rcrt1.o
 .rela.text.hfopen
                0x0000000000000208        0x0 /usr/lib/gcc/x86_64-alpine-linux-musl/9.2.0/../../../../lib/rcrt1.o
 .rela.text.leave_var_nest_level
                0x0000000000000208        0x0 /usr/lib/gcc/x86_64-alpine-linux-musl/9.2.0/../../../../lib/rcrt1.o
 .rela.text.check_and_run_traps
                0x0000000000000208        0x0 /usr/lib/gcc/x86_64-alpine-linux-musl/9.2.0/../../../../lib/rcrt1.o
 .rela.text.record_pending_signo
                0x0000000000000208        0x0 /usr/lib/gcc/x86_64-alpine-linux-musl/9.2.0/../../../../lib/rcrt1.o
 .rela.text.expand_on_ifs
                0x0000000000000208        0x0 /usr/lib/gcc/x86_64-alpine-linux-musl/9.2.0/../../../../lib/rcrt1.o
 .rela.text.checkjobs.constprop.0
                0x0000000000000208        0x0 /usr/lib/gcc/x86_64-alpine-linux-musl/9.2.0/../../../../lib/rcrt1.o
 .rela.text.save_fd_on_redirect
                0x0000000000000208        0x0 /usr/lib/gcc/x86_64-alpine-linux-musl/9.2.0/../../../../lib/rcrt1.o
 .rela.text.parse_stream
                0x0000000000000208        0x0 /usr/lib/gcc/x86_64-alpine-linux-musl/9.2.0/../../../../lib/rcrt1.o
 .rela.text.parse_and_run_stream
                0x0000000000000208        0x0 /usr/lib/gcc/x86_64-alpine-linux-musl/9.2.0/../../../../lib/rcrt1.o
 .rela.text.builtin_eval
                0x0000000000000208        0x0 /usr/lib/gcc/x86_64-alpine-linux-musl/9.2.0/../../../../lib/rcrt1.o
 .rela.text.expand_vars_to_list
                0x0000000000000208        0x0 /usr/lib/gcc/x86_64-alpine-linux-musl/9.2.0/../../../../lib/rcrt1.o
 .rela.text.expand_assignments
                0x0000000000000208        0x0 /usr/lib/gcc/x86_64-alpine-linux-musl/9.2.0/../../../../lib/rcrt1.o
 .rela.text.setup_redirects.isra.0
                0x0000000000000208        0x0 /usr/lib/gcc/x86_64-alpine-linux-musl/9.2.0/../../../../lib/rcrt1.o
 .rela.text.pseudo_exec_argv
                0x0000000000000208        0x0 /usr/lib/gcc/x86_64-alpine-linux-musl/9.2.0/../../../../lib/rcrt1.o
 .rela.text.run_pipe
                0x0000000000000208        0x0 /usr/lib/gcc/x86_64-alpine-linux-musl/9.2.0/../../../../lib/rcrt1.o
 .rela.text.run_list
                0x0000000000000208        0x0 /usr/lib/gcc/x86_64-alpine-linux-musl/9.2.0/../../../../lib/rcrt1.o
 .rela.text.expand_one_var
                0x0000000000000208        0x0 /usr/lib/gcc/x86_64-alpine-linux-musl/9.2.0/../../../../lib/rcrt1.o
 .rela.text.builtin_source
                0x0000000000000208        0x0 /usr/lib/gcc/x86_64-alpine-linux-musl/9.2.0/../../../../lib/rcrt1.o
 .rela.text.hush_main
                0x0000000000000208        0x0 /usr/lib/gcc/x86_64-alpine-linux-musl/9.2.0/../../../../lib/rcrt1.o
 .rela.text.singlemount
                0x0000000000000208        0x0 /usr/lib/gcc/x86_64-alpine-linux-musl/9.2.0/../../../../lib/rcrt1.o
 .rela.text.mount_main
                0x0000000000000208        0x0 /usr/lib/gcc/x86_64-alpine-linux-musl/9.2.0/../../../../lib/rcrt1.o
 .rela.text.cat_main
                0x0000000000000208        0x0 /usr/lib/gcc/x86_64-alpine-linux-musl/9.2.0/../../../../lib/rcrt1.o
 .rela.text.syntax
                0x0000000000000208        0x0 /usr/lib/gcc/x86_64-alpine-linux-musl/9.2.0/../../../../lib/rcrt1.o
 .rela.text.check_operator
                0x0000000000000208        0x0 /usr/lib/gcc/x86_64-alpine-linux-musl/9.2.0/../../../../lib/rcrt1.o
 .rela.text.binop
                0x0000000000000208        0x0 /usr/lib/gcc/x86_64-alpine-linux-musl/9.2.0/../../../../lib/rcrt1.o
 .rela.text.nexpr
                0x0000000000000208        0x0 /usr/lib/gcc/x86_64-alpine-linux-musl/9.2.0/../../../../lib/rcrt1.o
 .rela.text.aexpr
                0x0000000000000208        0x0 /usr/lib/gcc/x86_64-alpine-linux-musl/9.2.0/../../../../lib/rcrt1.o
 .rela.text.oexpr
                0x0000000000000208        0x0 /usr/lib/gcc/x86_64-alpine-linux-musl/9.2.0/../../../../lib/rcrt1.o
 .rela.text.test_main
                0x0000000000000208        0x0 /usr/lib/gcc/x86_64-alpine-linux-musl/9.2.0/../../../../lib/rcrt1.o
 .rela.text.vgetopt32
                0x0000000000000208        0x0 /usr/lib/gcc/x86_64-alpine-linux-musl/9.2.0/../../../../lib/rcrt1.o
 .rela.text.__init_libc
                0x0000000000000208        0x0 /usr/lib/gcc/x86_64-alpine-linux-musl/9.2.0/../../../../lib/rcrt1.o
 .rela.text.libc_start_init
                0x0000000000000208        0x0 /usr/lib/gcc/x86_64-alpine-linux-musl/9.2.0/../../../../lib/rcrt1.o
 .rela.text.__init_ssp
                0x0000000000000208        0x0 /usr/lib/gcc/x86_64-alpine-linux-musl/9.2.0/../../../../lib/rcrt1.o
 .rela.text.libc_exit_fini
                0x0000000000000208        0x0 /usr/lib/gcc/x86_64-alpine-linux-musl/9.2.0/../../../../lib/rcrt1.o
 .rela.text.alloc_rev
                0x0000000000000208        0x0 /usr/lib/gcc/x86_64-alpine-linux-musl/9.2.0/../../../../lib/rcrt1.o
 .rela.text.alloc_fwd
                0x0000000000000208        0x0 /usr/lib/gcc/x86_64-alpine-linux-musl/9.2.0/../../../../lib/rcrt1.o
 .rela.text.__bin_chunk
                0x0000000000000208        0x0 /usr/lib/gcc/x86_64-alpine-linux-musl/9.2.0/../../../../lib/rcrt1.o
 .rela.text.malloc
                0x0000000000000208        0x0 /usr/lib/gcc/x86_64-alpine-linux-musl/9.2.0/../../../../lib/rcrt1.o
 .rela.text.calloc
                0x0000000000000208        0x0 /usr/lib/gcc/x86_64-alpine-linux-musl/9.2.0/../../../../lib/rcrt1.o
 .rela.text.getopt
                0x0000000000000208        0x0 /usr/lib/gcc/x86_64-alpine-linux-musl/9.2.0/../../../../lib/rcrt1.o
 .rela.text.fork
                0x0000000000000208        0x0 /usr/lib/gcc/x86_64-alpine-linux-musl/9.2.0/../../../../lib/rcrt1.o
 .rela.text.__libc_sigaction
                0x0000000000000208        0x0 /usr/lib/gcc/x86_64-alpine-linux-musl/9.2.0/../../../../lib/rcrt1.o
 .rela.text.__fdopen
                0x0000000000000208        0x0 /usr/lib/gcc/x86_64-alpine-linux-musl/9.2.0/../../../../lib/rcrt1.o
 .rela.text.__lock
                0x0000000000000208        0x0 /usr/lib/gcc/x86_64-alpine-linux-musl/9.2.0/../../../../lib/rcrt1.o
 .rela.text.__init_tp
                0x0000000000000208        0x0 /usr/lib/gcc/x86_64-alpine-linux-musl/9.2.0/../../../../lib/rcrt1.o
 .rela.text.__copy_tls
                0x0000000000000208        0x0 /usr/lib/gcc/x86_64-alpine-linux-musl/9.2.0/../../../../lib/rcrt1.o
 .rela.text.static_init_tls
                0x0000000000000208        0x0 /usr/lib/gcc/x86_64-alpine-linux-musl/9.2.0/../../../../lib/rcrt1.o
 .rela.text.__vdsosym
                0x0000000000000208        0x0 /usr/lib/gcc/x86_64-alpine-linux-musl/9.2.0/../../../../lib/rcrt1.o
 .rela.text.__expand_heap
                0x0000000000000208        0x0 /usr/lib/gcc/x86_64-alpine-linux-musl/9.2.0/../../../../lib/rcrt1.o
 *(SORT_BY_ALIGNMENT(.rela.fini))
 *(SORT_BY_ALIGNMENT(.rela.rodata) SORT_BY_ALIGNMENT(.rela.rodata.*) SORT_BY_ALIGNMENT(.rela.gnu.linkonce.r.*))
 *(SORT_BY_ALIGNMENT(.rela.data) SORT_BY_ALIGNMENT(.rela.data.*) SORT_BY_ALIGNMENT(.rela.gnu.linkonce.d.*))
 .rela.data.rel.ro
                0x0000000000000208        0x0 /usr/lib/gcc/x86_64-alpine-linux-musl/9.2.0/../../../../lib/rcrt1.o
 .rela.data.rel.local
                0x0000000000000208       0x18 /usr/lib/gcc/x86_64-alpine-linux-musl/9.2.0/../../../../lib/rcrt1.o
 .rela.data.rel.ro.applet_main
                0x0000000000000220       0xf0 /usr/lib/gcc/x86_64-alpine-linux-musl/9.2.0/../../../../lib/rcrt1.o
 .rela.data.rel.local.msg_eol
                0x0000000000000310       0x18 /usr/lib/gcc/x86_64-alpine-linux-musl/9.2.0/../../../../lib/rcrt1.o
 .rela.data.rel.ro.local.encoded_dollar_at_argv.8253
                0x0000000000000328       0x18 /usr/lib/gcc/x86_64-alpine-linux-musl/9.2.0/../../../../lib/rcrt1.o
 .rela.data.rel.ro.local.bltins2
                0x0000000000000340       0xc0 /usr/lib/gcc/x86_64-alpine-linux-musl/9.2.0/../../../../lib/rcrt1.o
 .rela.data.rel.ro.local.bltins1
                0x0000000000000400      0x270 /usr/lib/gcc/x86_64-alpine-linux-musl/9.2.0/../../../../lib/rcrt1.o
 .rela.data.rel.ro.local.bb_argv_dash
                0x0000000000000670       0x18 /usr/lib/gcc/x86_64-alpine-linux-musl/9.2.0/../../../../lib/rcrt1.o
 .rela.data.rel.local.__stderr_used
                0x0000000000000688       0x18 /usr/lib/gcc/x86_64-alpine-linux-musl/9.2.0/../../../../lib/rcrt1.o
 .rela.data.rel.local.__stderr_FILE
                0x00000000000006a0       0x60 /usr/lib/gcc/x86_64-alpine-linux-musl/9.2.0/../../../../lib/rcrt1.o
 .rela.data.rel.local.__stdin_used
                0x0000000000000700       0x18 /usr/lib/gcc/x86_64-alpine-linux-musl/9.2.0/../../../../lib/rcrt1.o
 .rela.data.rel.ro.local.stdin
                0x0000000000000718       0x18 /usr/lib/gcc/x86_64-alpine-linux-musl/9.2.0/../../../../lib/rcrt1.o
 .rela.data.rel.local.__stdin_FILE
                0x0000000000000730       0x60 /usr/lib/gcc/x86_64-alpine-linux-musl/9.2.0/../../../../lib/rcrt1.o
 .rela.data.rel.local.__stdout_used
                0x0000000000000790       0x18 /usr/lib/gcc/x86_64-alpine-linux-musl/9.2.0/../../../../lib/rcrt1.o
 .rela.data.rel.ro.local.stdout
                0x00000000000007a8       0x18 /usr/lib/gcc/x86_64-alpine-linux-musl/9.2.0/../../../../lib/rcrt1.o
 .rela.data.rel.local.__stdout_FILE
                0x00000000000007c0       0x60 /usr/lib/gcc/x86_64-alpine-linux-musl/9.2.0/../../../../lib/rcrt1.o
 .rela.data.rel.local.vdso_func
                0x0000000000000820       0x18 /usr/lib/gcc/x86_64-alpine-linux-musl/9.2.0/../../../../lib/rcrt1.o
 *(SORT_BY_ALIGNMENT(.rela.tdata) SORT_BY_ALIGNMENT(.rela.tdata.*) SORT_BY_ALIGNMENT(.rela.gnu.linkonce.td.*))
 *(SORT_BY_ALIGNMENT(.rela.tbss) SORT_BY_ALIGNMENT(.rela.tbss.*) SORT_BY_ALIGNMENT(.rela.gnu.linkonce.tb.*))
 *(SORT_BY_ALIGNMENT(.rela.ctors))
 *(SORT_BY_ALIGNMENT(.rela.dtors))
 *(SORT_BY_ALIGNMENT(.rela.got))
 .rela.got      0x0000000000000838       0x48 /usr/lib/gcc/x86_64-alpine-linux-musl/9.2.0/../../../../lib/rcrt1.o
 *(SORT_BY_ALIGNMENT(.rela.bss) SORT_BY_ALIGNMENT(.rela.bss.*) SORT_BY_ALIGNMENT(.rela.gnu.linkonce.b.*))
 .rela.bss      0x0000000000000880        0x0 /usr/lib/gcc/x86_64-alpine-linux-musl/9.2.0/../../../../lib/rcrt1.o
 *(SORT_BY_ALIGNMENT(.rela.ldata) SORT_BY_ALIGNMENT(.rela.ldata.*) SORT_BY_ALIGNMENT(.rela.gnu.linkonce.l.*))
 *(SORT_BY_ALIGNMENT(.rela.lbss) SORT_BY_ALIGNMENT(.rela.lbss.*) SORT_BY_ALIGNMENT(.rela.gnu.linkonce.lb.*))
 *(SORT_BY_ALIGNMENT(.rela.lrodata) SORT_BY_ALIGNMENT(.rela.lrodata.*) SORT_BY_ALIGNMENT(.rela.gnu.linkonce.lr.*))
 *(SORT_BY_ALIGNMENT(.rela.ifunc))
 .rela.ifunc    0x0000000000000880        0x0 /usr/lib/gcc/x86_64-alpine-linux-musl/9.2.0/../../../../lib/rcrt1.o

.rela.plt       0x0000000000000880        0x0
 *(SORT_BY_ALIGNMENT(.rela.plt))
 .rela.plt      0x0000000000000880        0x0 /usr/lib/gcc/x86_64-alpine-linux-musl/9.2.0/../../../../lib/rcrt1.o
 *(SORT_BY_ALIGNMENT(.rela.iplt))
                0x0000000000001000                . = ALIGN (CONSTANT (MAXPAGESIZE))

.init           0x0000000000001000        0xd
 *(SORT_NONE(.init))
 .init          0x0000000000001000        0x1 /usr/lib/gcc/x86_64-alpine-linux-musl/9.2.0/../../../../lib/crti.o
                0x0000000000001000                _init
 .init          0x0000000000001001        0x5 /usr/lib/gcc/x86_64-alpine-linux-musl/9.2.0/crtbeginS.o
 .init          0x0000000000001006        0x5 /usr/lib/gcc/x86_64-alpine-linux-musl/9.2.0/crtendS.o
 .init          0x000000000000100b        0x2 /usr/lib/gcc/x86_64-alpine-linux-musl/9.2.0/../../../../lib/crtn.o

.plt            0x0000000000001010       0x10
 *(SORT_BY_ALIGNMENT(.plt))
 .plt           0x0000000000001010       0x10 /usr/lib/gcc/x86_64-alpine-linux-musl/9.2.0/../../../../lib/rcrt1.o
 *(SORT_BY_ALIGNMENT(.iplt))

.plt.got        0x0000000000001020       0x18
 *(SORT_BY_ALIGNMENT(.plt.got))
 .plt.got       0x0000000000001020       0x18 /usr/lib/gcc/x86_64-alpine-linux-musl/9.2.0/../../../../lib/rcrt1.o

.plt.sec
 *(SORT_BY_ALIGNMENT(.plt.sec))

.text           0x0000000000001038    0x1a758
 *(SORT_BY_ALIGNMENT(.text.unlikely) SORT_BY_ALIGNMENT(.text.*_unlikely) SORT_BY_ALIGNMENT(.text.unlikely.*))
 *(SORT_BY_ALIGNMENT(.text.exit) SORT_BY_ALIGNMENT(.text.exit.*))
 .text.exit     0x0000000000001038       0x22 /usr/lib/gcc/x86_64-alpine-linux-musl/9.2.0/../../../../lib/libc.a(exit.lo)
                0x0000000000001038                exit
 *(SORT_BY_ALIGNMENT(.text.startup) SORT_BY_ALIGNMENT(.text.startup.*))
 *(SORT_BY_ALIGNMENT(.text.hot) SORT_BY_ALIGNMENT(.text.hot.*))
 *(SORT_BY_ALIGNMENT(.text) SORT_BY_ALIGNMENT(.stub) SORT_BY_ALIGNMENT(.text.*) SORT_BY_ALIGNMENT(.gnu.linkonce.t.*))
 .text          0x000000000000105a       0x16 /usr/lib/gcc/x86_64-alpine-linux-musl/9.2.0/../../../../lib/rcrt1.o
                0x000000000000105a                _start
 .text._start_c
                0x0000000000001070      0x15c /usr/lib/gcc/x86_64-alpine-linux-musl/9.2.0/../../../../lib/rcrt1.o
                0x0000000000001070                _start_c
 .text.__dls2   0x00000000000011cc       0x24 /usr/lib/gcc/x86_64-alpine-linux-musl/9.2.0/../../../../lib/rcrt1.o
                0x00000000000011cc                __dls2
 .text          0x00000000000011f0      0x107 /usr/lib/gcc/x86_64-alpine-linux-musl/9.2.0/crtbeginS.o
 .text.string_array_len
                0x00000000000012f7       0x17 libbb/lib.a(appletlib.o)
                0x00000000000012f7                string_array_len
 .text.bb_show_usage
                0x000000000000130e        0x6 libbb/lib.a(appletlib.o)
                0x000000000000130e                bb_show_usage
 .text.find_applet_by_name
                0x0000000000001314       0x3e libbb/lib.a(appletlib.o)
                0x0000000000001314                find_applet_by_name
 .text.run_applet_no_and_exit
                0x0000000000001352       0x59 libbb/lib.a(appletlib.o)
                0x0000000000001352                run_applet_no_and_exit
 .text.main     0x00000000000013ab       0x9f libbb/lib.a(appletlib.o)
                0x00000000000013ab                main
 .text.is_prefixed_with
                0x000000000000144a       0x1d libbb/lib.a(compare_string_array.o)
                0x000000000000144a                is_prefixed_with
 .text.is_suffixed_with
                0x0000000000001467       0x57 libbb/lib.a(compare_string_array.o)
                0x0000000000001467                is_suffixed_with
 .text.index_in_strings
                0x00000000000014be       0x3f libbb/lib.a(compare_string_array.o)
                0x00000000000014be                index_in_strings
 .text.bb_basename
                0x00000000000014fd       0x1e libbb/lib.a(get_last_path_component.o)
                0x00000000000014fd                bb_basename
 .text.bb_get_last_path_component_nostrip
                0x000000000000151b       0x28 libbb/lib.a(get_last_path_component.o)
                0x000000000000151b                bb_get_last_path_component_nostrip
 .text.last_char_is
                0x0000000000001543       0x2e libbb/lib.a(last_char_is.o)
                0x0000000000001543                last_char_is
 .text.xfunc_die
                0x0000000000001571       0x1b libbb/lib.a(xfunc_die.o)
                0x0000000000001571                xfunc_die
 .text.ndelay_on
                0x000000000000158c       0x3e libbb/lib.a(xfuncs.o)
                0x000000000000158c                ndelay_on
 .text.ndelay_off
                0x00000000000015ca       0x3e libbb/lib.a(xfuncs.o)
                0x00000000000015ca                ndelay_off
 .text.utoa_to_buf
                0x0000000000001608       0x59 libbb/lib.a(xfuncs.o)
                0x0000000000001608                utoa_to_buf
 .text.itoa_to_buf
                0x0000000000001661       0x1e libbb/lib.a(xfuncs.o)
                0x0000000000001661                itoa_to_buf
 .text.utoa     0x000000000000167f       0x1c libbb/lib.a(xfuncs.o)
                0x000000000000167f                utoa
 .text.itoa     0x000000000000169b       0x1c libbb/lib.a(xfuncs.o)
                0x000000000000169b                itoa
 .text.full_write2_str
                0x00000000000016b7       0x1a libbb/lib.a(xfuncs.o)
                0x00000000000016b7                full_write2_str
 .text.safe_waitpid
                0x00000000000016d1       0x39 libbb/lib.a(xfuncs.o)
                0x00000000000016d1                safe_waitpid
 .text.full_write
                0x000000000000170a       0x4a libbb/lib.a(full_write.o)
                0x000000000000170a                full_write
 .text.bb_perror_msg
                0x0000000000001754       0xd3 libbb/lib.a(perror_msg.o)
                0x0000000000001754                bb_perror_msg
 .text.bb_perror_msg_and_die
                0x0000000000001827       0xba libbb/lib.a(perror_msg.o)
                0x0000000000001827                bb_perror_msg_and_die
 .text.bb_simple_perror_msg
                0x00000000000018e1       0x11 libbb/lib.a(perror_msg.o)
                0x00000000000018e1                bb_simple_perror_msg
 .text.bb_simple_perror_msg_and_die
                0x00000000000018f2       0x12 libbb/lib.a(perror_msg.o)
                0x00000000000018f2                bb_simple_perror_msg_and_die
 .text.safe_write
                0x0000000000001904       0x41 libbb/lib.a(safe_write.o)
                0x0000000000001904                safe_write
 .text.bb_verror_msg
                0x0000000000001945      0x23a libbb/lib.a(verror_msg.o)
                0x0000000000001945                bb_verror_msg
 .text.bb_error_msg_and_die
                0x0000000000001b7f       0xa0 libbb/lib.a(verror_msg.o)
                0x0000000000001b7f                bb_error_msg_and_die
 .text.bb_error_msg
                0x0000000000001c1f       0xb8 libbb/lib.a(verror_msg.o)
                0x0000000000001c1f                bb_error_msg
 .text.bb_die_memory_exhausted
                0x0000000000001cd7        0xf libbb/lib.a(xfuncs_printf.o)
                0x0000000000001cd7                bb_die_memory_exhausted
 .text.xmalloc  0x0000000000001ce6       0x1a libbb/lib.a(xfuncs_printf.o)
                0x0000000000001ce6                xmalloc
 .text.xrealloc
                0x0000000000001d00       0x1a libbb/lib.a(xfuncs_printf.o)
                0x0000000000001d00                xrealloc
 .text.xzalloc  0x0000000000001d1a       0x1d libbb/lib.a(xfuncs_printf.o)
                0x0000000000001d1a                xzalloc
 .text.xstrdup  0x0000000000001d37       0x1b libbb/lib.a(xfuncs_printf.o)
                0x0000000000001d37                xstrdup
 .text.xstrndup
                0x0000000000001d52       0x5d libbb/lib.a(xfuncs_printf.o)
                0x0000000000001d52                xstrndup
 .text.xmemdup  0x0000000000001daf       0x40 libbb/lib.a(xfuncs_printf.o)
                0x0000000000001daf                xmemdup
 .text.xfopen   0x0000000000001def       0x1f libbb/lib.a(xfuncs_printf.o)
                0x0000000000001def                xfopen
 .text.xopen3   0x0000000000001e0e       0x22 libbb/lib.a(xfuncs_printf.o)
                0x0000000000001e0e                xopen3
 .text.xopen    0x0000000000001e30        0xa libbb/lib.a(xfuncs_printf.o)
                0x0000000000001e30                xopen
 .text.open3_or_warn
                0x0000000000001e3a       0x2e libbb/lib.a(xfuncs_printf.o)
                0x0000000000001e3a                open3_or_warn
 .text.open_or_warn
                0x0000000000001e68        0xa libbb/lib.a(xfuncs_printf.o)
                0x0000000000001e68                open_or_warn
 .text.xpipe    0x0000000000001e72       0x1a libbb/lib.a(xfuncs_printf.o)
                0x0000000000001e72                xpipe
 .text.xdup2    0x0000000000001e8c       0x1c libbb/lib.a(xfuncs_printf.o)
                0x0000000000001e8c                xdup2
 .text.xmove_fd
                0x0000000000001ea8       0x1f libbb/lib.a(xfuncs_printf.o)
                0x0000000000001ea8                xmove_fd
 .text.fflush_all
                0x0000000000001ec7        0x7 libbb/lib.a(xfuncs_printf.o)
                0x0000000000001ec7                fflush_all
 .text.xasprintf
                0x0000000000001ece       0xd5 libbb/lib.a(xfuncs_printf.o)
                0x0000000000001ece                xasprintf
 .text.bb_unsetenv
                0x0000000000001fa3       0xa0 libbb/lib.a(xfuncs_printf.o)
                0x0000000000001fa3                bb_unsetenv
 .text.xchdir   0x0000000000002043       0x20 libbb/lib.a(xfuncs_printf.o)
                0x0000000000002043                xchdir
 .text.xchroot  0x0000000000002063       0x2b libbb/lib.a(xfuncs_printf.o)
                0x0000000000002063                xchroot
 .text.xstat    0x000000000000208e       0x20 libbb/lib.a(xfuncs_printf.o)
                0x000000000000208e                xstat
 .text.bb_xioctl
                0x00000000000020ae       0x2a libbb/lib.a(xfuncs_printf.o)
                0x00000000000020ae                bb_xioctl
 .text.xfork    0x00000000000020d8       0x1a libbb/lib.a(xfuncs_printf.o)
                0x00000000000020d8                xfork
 .text.bb_full_fd_action
                0x00000000000020f2      0x119 libbb/lib.a(copyfd.o)
 .text.bb_copyfd_eof
                0x000000000000220b        0x7 libbb/lib.a(copyfd.o)
                0x000000000000220b                bb_copyfd_eof
 .text.safe_read
                0x0000000000002212       0x39 libbb/lib.a(read.o)
                0x0000000000002212                safe_read
 .text.full_read
                0x000000000000224b       0x4c libbb/lib.a(read.o)
                0x000000000000224b                full_read
 .text.bb_signals
                0x0000000000002297       0x38 libbb/lib.a(signals.o)
                0x0000000000002297                bb_signals
 .text.ret_ERANGE
                0x00000000000022cf       0x12 libbb/lib.a(bb_strtonum.o)
 .text.handle_errors.isra.0
                0x00000000000022e1       0x3a libbb/lib.a(bb_strtonum.o)
 .text.bb_strtou
                0x000000000000231b       0x97 libbb/lib.a(bb_strtonum.o)
                0x000000000000231b                bb_strtou
 .text.read_config
                0x00000000000023b2       0x19 modutils/lib.a(modprobe.o)
 .text.gather_options_str
                0x00000000000023cb       0x60 modutils/lib.a(modprobe.o)
 .text.load_modules_dep
                0x000000000000242b      0x130 modutils/lib.a(modprobe.o)
 .text.get_or_add_modentry
                0x000000000000255b       0x16 modutils/lib.a(modprobe.o)
 .text.add_probe
                0x0000000000002571       0x37 modutils/lib.a(modprobe.o)
 .text.config_file_action
                0x00000000000025a8      0x20f modutils/lib.a(modprobe.o)
 .text.do_modprobe
                0x00000000000027b7      0x2cc modutils/lib.a(modprobe.o)
 .text.modprobe_main
                0x0000000000002a83      0x32c modutils/lib.a(modprobe.o)
                0x0000000000002a83                modprobe_main
 .text.replace  0x0000000000002daf       0x13 modutils/lib.a(modutils.o)
                0x0000000000002daf                replace
 .text.string_to_llist
                0x0000000000002dc2       0x68 modutils/lib.a(modutils.o)
                0x0000000000002dc2                string_to_llist
 .text.filename2modname
                0x0000000000002e2a       0x90 modutils/lib.a(modutils.o)
                0x0000000000002e2a                filename2modname
 .text.helper_get_module
                0x0000000000002eba       0xc9 modutils/lib.a(modutils.o)
 .text.moddb_get
                0x0000000000002f83        0x7 modutils/lib.a(modutils.o)
                0x0000000000002f83                moddb_get
 .text.moddb_get_or_create
                0x0000000000002f8a        0xa modutils/lib.a(modutils.o)
                0x0000000000002f8a                moddb_get_or_create
 .text.bb_init_module
                0x0000000000002f94       0xe9 modutils/lib.a(modutils.o)
                0x0000000000002f94                bb_init_module
 .text.bb_delete_module
                0x000000000000307d       0x31 modutils/lib.a(modutils.o)
                0x000000000000307d                bb_delete_module
 .text.moderror
                0x00000000000030ae       0x55 modutils/lib.a(modutils.o)
                0x00000000000030ae                moderror
 .text.first_special_char_in_vararg
                0x0000000000003103       0x29 shell/lib.a(hush.o)
 .text.builtin_true
                0x000000000000312c        0x3 shell/lib.a(hush.o)
 .text.skip_dash_dash
                0x000000000000312f       0x26 shell/lib.a(hush.o)
 .text.get_cwd  0x0000000000003155       0x4a shell/lib.a(hush.o)
 .text.enter_var_nest_level
                0x000000000000319f       0x28 shell/lib.a(hush.o)
 .text.get_ptr_to_local_var
                0x00000000000031c7       0x55 shell/lib.a(hush.o)
 .text.syntax_error_unterm_ch
                0x000000000000321c       0x49 shell/lib.a(hush.o)
 .text.free_strings
                0x0000000000003265       0x2d shell/lib.a(hush.o)
 .text.free_pipe_list
                0x0000000000003292       0xa5 shell/lib.a(hush.o)
 .text.find_function_slot
                0x0000000000003337       0x3b shell/lib.a(hush.o)
 .text.set_local_var
                0x0000000000003372      0x1e1 shell/lib.a(hush.o)
 .text.set_pwd_var
                0x0000000000003553       0x29 shell/lib.a(hush.o)
 .text.set_vars_and_save_old
                0x000000000000357c       0xc0 shell/lib.a(hush.o)
 .text.get_local_var_value
                0x000000000000363c       0xaf shell/lib.a(hush.o)
 .text.builtin_pwd
                0x00000000000036eb       0x14 shell/lib.a(hush.o)
 .text.builtin_echo
                0x00000000000036ff       0x14 shell/lib.a(hush.o)
 .text.save_and_replace_G_args
                0x0000000000003713       0x36 shell/lib.a(hush.o)
 .text.parse_numeric_argv1
                0x0000000000003749       0x57 shell/lib.a(hush.o)
 .text.builtin_return
                0x00000000000037a0       0x35 shell/lib.a(hush.o)
 .text.builtin_break
                0x00000000000037d5       0x51 shell/lib.a(hush.o)
 .text.builtin_continue
                0x0000000000003826       0x10 shell/lib.a(hush.o)
 .text.redirect_opt_num
                0x0000000000003836       0x51 shell/lib.a(hush.o)
 .text.builtin_shift
                0x0000000000003887       0x84 shell/lib.a(hush.o)
 .text.unbackslash
                0x000000000000390b       0x48 shell/lib.a(hush.o)
 .text.helper_export_local
                0x0000000000003953       0xfa shell/lib.a(hush.o)
 .text.builtin_local
                0x0000000000003a4d       0x39 shell/lib.a(hush.o)
 .text.builtin_export
                0x0000000000003a86      0x120 shell/lib.a(hush.o)
 .text.execvp_or_die
                0x0000000000003ba6       0x4a shell/lib.a(hush.o)
 .text.builtin_exec
                0x0000000000003bf0       0x18 shell/lib.a(hush.o)
 .text.hush_exit
                0x0000000000003c08       0x1b shell/lib.a(hush.o)
 .text.restore_ttypgrp_and__exit
                0x0000000000003c23       0x18 shell/lib.a(hush.o)
 .text.builtin_exit
                0x0000000000003c3b       0x2f shell/lib.a(hush.o)
 .text.builtin_cd
                0x0000000000003c6a       0x66 shell/lib.a(hush.o)
 .text.setup_string_in_str
                0x0000000000003cd0       0x17 shell/lib.a(hush.o)
 .text.o_free_and_set_NULL
                0x0000000000003ce7       0x1a shell/lib.a(hush.o)
 .text.o_grow_by
                0x0000000000003d01       0x2e shell/lib.a(hush.o)
 .text.o_addqchr
                0x0000000000003d2f       0x5d shell/lib.a(hush.o)
 .text.o_addQchr
                0x0000000000003d8c       0x68 shell/lib.a(hush.o)
 .text.o_addchr
                0x0000000000003df4       0x3c shell/lib.a(hush.o)
 .text.done_command
                0x0000000000003e30       0x67 shell/lib.a(hush.o)
 .text.initialize_context
                0x0000000000003e97       0x28 shell/lib.a(hush.o)
 .text.o_save_ptr_helper
                0x0000000000003ebf       0xaf shell/lib.a(hush.o)
 .text.die_if_script
                0x0000000000003f6e       0x1a shell/lib.a(hush.o)
 .text.syntax_error
                0x0000000000003f88       0x17 shell/lib.a(hush.o)
 .text.syntax_error_unexpected_ch
                0x0000000000003f9f       0x43 shell/lib.a(hush.o)
 .text.refill_HFILE_and_getc
                0x0000000000003fe2       0x6d shell/lib.a(hush.o)
 .text.i_getch  0x000000000000404f       0x63 shell/lib.a(hush.o)
 .text.add_till_single_quote_dquoted
                0x00000000000040b2       0x3e shell/lib.a(hush.o)
 .text.fetch_heredocs
                0x00000000000040f0      0x230 shell/lib.a(hush.o)
 .text.add_till_backquote
                0x0000000000004320       0x85 shell/lib.a(hush.o)
 .text.i_peek   0x00000000000043a5       0x41 shell/lib.a(hush.o)
 .text.i_peek_and_eat_bkslash_nl
                0x00000000000043e6       0x70 shell/lib.a(hush.o)
 .text.parse_redirect
                0x0000000000004456      0x166 shell/lib.a(hush.o)
 .text.add_till_closing_bracket
                0x00000000000045bc      0x18a shell/lib.a(hush.o)
 .text.hfclose  0x0000000000004746       0x44 shell/lib.a(hush.o)
 .text.o_addblock
                0x000000000000478a       0x30 shell/lib.a(hush.o)
 .text.o_addQstr
                0x00000000000047ba       0xd1 shell/lib.a(hush.o)
 .text.restore_redirects
                0x000000000000488b       0x3b shell/lib.a(hush.o)
 .text.install_sighandler
                0x00000000000048c6       0x5b shell/lib.a(hush.o)
 .text.reset_traps_to_defaults
                0x0000000000004921       0x3d shell/lib.a(hush.o)
 .text.install_special_sighandlers
                0x000000000000495e       0x81 shell/lib.a(hush.o)
 .text.msg_and_die_if_script
                0x00000000000049df       0xa0 shell/lib.a(hush.o)
 .text.hfopen   0x0000000000004a7f       0x5d shell/lib.a(hush.o)
 .text.leave_var_nest_level
                0x0000000000004adc       0x6e shell/lib.a(hush.o)
 .text.dup_CLOEXEC
                0x0000000000004b4a       0x39 shell/lib.a(hush.o)
 .text.check_and_run_traps
                0x0000000000004b83       0x66 shell/lib.a(hush.o)
 .text.record_pending_signo
                0x0000000000004be9       0x15 shell/lib.a(hush.o)
 .text.o_get_last_ptr.isra.0
                0x0000000000004bfe       0x12 shell/lib.a(hush.o)
 .text.o_save_ptr
                0x0000000000004c10      0x160 shell/lib.a(hush.o)
 .text.expand_on_ifs
                0x0000000000004d70      0x181 shell/lib.a(hush.o)
 .text.append_str_maybe_ifs_split
                0x0000000000004ef1       0x3e shell/lib.a(hush.o)
 .text.checkjobs.constprop.0
                0x0000000000004f2f      0x1b8 shell/lib.a(hush.o)
 .text.add_string_to_strings
                0x00000000000050e7       0xa5 shell/lib.a(hush.o)
 .text.builtin_test
                0x000000000000518c       0x14 shell/lib.a(hush.o)
 .text.find_builtin
                0x00000000000051a0       0x5f shell/lib.a(hush.o)
 .text.save_fd_on_redirect
                0x00000000000051ff      0x136 shell/lib.a(hush.o)
 .text.done_pipe
                0x0000000000005335       0xee shell/lib.a(hush.o)
 .text.parse_dollar
                0x0000000000005423      0x2a5 shell/lib.a(hush.o)
 .text.encode_string
                0x00000000000056c8      0x10d shell/lib.a(hush.o)
 .text.done_word
                0x00000000000057d5      0x2c0 shell/lib.a(hush.o)
 .text.parse_stream
                0x0000000000005a95      0x95b shell/lib.a(hush.o)
 .text.parse_and_run_stream
                0x00000000000063f0       0x97 shell/lib.a(hush.o)
 .text.parse_and_run_string
                0x0000000000006487       0x48 shell/lib.a(hush.o)
 .text.builtin_eval
                0x00000000000064cf       0xa3 shell/lib.a(hush.o)
 .text.expand_vars_to_list
                0x0000000000006572      0x3fe shell/lib.a(hush.o)
 .text.expand_variables
                0x0000000000006970       0xb9 shell/lib.a(hush.o)
 .text.expand_string_to_string
                0x0000000000006a29       0xc4 shell/lib.a(hush.o)
 .text.encode_then_expand_vararg
                0x0000000000006aed      0x183 shell/lib.a(hush.o)
 .text.expand_assignments
                0x0000000000006c70       0x65 shell/lib.a(hush.o)
 .text.setup_heredoc
                0x0000000000006cd5      0x1cf shell/lib.a(hush.o)
 .text.setup_redirects.isra.0
                0x0000000000006ea4      0x17a shell/lib.a(hush.o)
 .text.pseudo_exec_argv
                0x000000000000701e       0xed shell/lib.a(hush.o)
 .text.run_pipe
                0x000000000000710b      0x605 shell/lib.a(hush.o)
 .text.run_list
                0x0000000000007710      0x401 shell/lib.a(hush.o)
 .text.expand_one_var
                0x0000000000007b11      0x6d7 shell/lib.a(hush.o)
 .text.parse_and_run_file
                0x00000000000081e8       0x52 shell/lib.a(hush.o)
 .text.builtin_source
                0x000000000000823a      0x1ab shell/lib.a(hush.o)
 .text.hush_main
                0x00000000000083e5      0x375 shell/lib.a(hush.o)
                0x00000000000083e5                hush_main
 .text.scan_and_match
                0x000000000000875a       0xf4 shell/lib.a(match.o)
                0x000000000000875a                scan_and_match
 .text.findfs_main
                0x000000000000884e       0x52 util-linux/lib.a(findfs.o)
                0x000000000000884e                findfs_main
 .text.losetup_main
                0x00000000000088a0      0x26e util-linux/lib.a(losetup.o)
                0x00000000000088a0                losetup_main
 .text.parse_mount_options
                0x0000000000008b0e      0x11e util-linux/lib.a(mount.o)
 .text.append_mount_options
                0x0000000000008c2c       0xef util-linux/lib.a(mount.o)
 .text.mount_it_now
                0x0000000000008d1b       0x92 util-linux/lib.a(mount.o)
 .text.singlemount
                0x0000000000008dad      0x312 util-linux/lib.a(mount.o)
 .text.mount_main
                0x00000000000090bf      0x51d util-linux/lib.a(mount.o)
                0x00000000000090bf                mount_main
 .text.delete_contents
                0x00000000000095dc       0xe9 util-linux/lib.a(switch_root.o)
 .text.switch_root_main
                0x00000000000096c5      0x1a6 util-linux/lib.a(switch_root.o)
                0x00000000000096c5                switch_root_main
 .text.uuidcache_init
                0x000000000000986b       0x43 util-linux/volume_id/lib.a(get_devname.o)
 .text.add_to_uuid_cache
                0x00000000000098ae      0x12c util-linux/volume_id/lib.a(get_devname.o)
                0x00000000000098ae                add_to_uuid_cache
 .text.uuidcache_check_device
                0x00000000000099da       0x43 util-linux/volume_id/lib.a(get_devname.o)
 .text.get_devname_from_label
                0x0000000000009a1d       0x44 util-linux/volume_id/lib.a(get_devname.o)
                0x0000000000009a1d                get_devname_from_label
 .text.get_devname_from_uuid
                0x0000000000009a61       0x3f util-linux/volume_id/lib.a(get_devname.o)
                0x0000000000009a61                get_devname_from_uuid
 .text.resolve_mount_spec
                0x0000000000009aa0       0x6b util-linux/volume_id/lib.a(get_devname.o)
                0x0000000000009aa0                resolve_mount_spec
 .text.volume_id_probe_all
                0x0000000000009b0b       0x39 util-linux/volume_id/lib.a(volume_id.o)
                0x0000000000009b0b                volume_id_probe_all
 .text.volume_id_open_node
                0x0000000000009b44       0x11 util-linux/volume_id/lib.a(volume_id.o)
                0x0000000000009b44                volume_id_open_node
 .text.free_volume_id
                0x0000000000009b55       0x22 util-linux/volume_id/lib.a(volume_id.o)
                0x0000000000009b55                free_volume_id
 .text.volume_id_probe_ext
                0x0000000000009b77       0x50 util-linux/volume_id/lib.a(ext.o)
                0x0000000000009b77                volume_id_probe_ext
 .text.volume_id_probe_sysv
                0x0000000000009bc7       0xac util-linux/volume_id/lib.a(sysv.o)
                0x0000000000009bc7                volume_id_probe_sysv
 .text.volume_id_set_label_string
                0x0000000000009c73       0x65 util-linux/volume_id/lib.a(util.o)
                0x0000000000009c73                volume_id_set_label_string
 .text.volume_id_set_uuid
                0x0000000000009cd8      0x142 util-linux/volume_id/lib.a(util.o)
                0x0000000000009cd8                volume_id_set_uuid
 .text.volume_id_free_buffer
                0x0000000000009e1a       0x40 util-linux/volume_id/lib.a(util.o)
                0x0000000000009e1a                volume_id_free_buffer
 .text.volume_id_get_buffer
                0x0000000000009e5a       0xf0 util-linux/volume_id/lib.a(util.o)
                0x0000000000009e5a                volume_id_get_buffer
 .text.cat_main
                0x0000000000009f4a      0x215 coreutils/lib.a(cat.o)
                0x0000000000009f4a                cat_main
 .text.echo_main
                0x000000000000a15f       0xb5 coreutils/lib.a(echo.o)
                0x000000000000a15f                echo_main
 .text.mkdir_main
                0x000000000000a214       0xcd coreutils/lib.a(mkdir.o)
                0x000000000000a214                mkdir_main
 .text.sleep_main
                0x000000000000a2e1       0x46 coreutils/lib.a(sleep.o)
                0x000000000000a2e1                sleep_main
 .text.syntax   0x000000000000a327       0x47 coreutils/lib.a(test.o)
 .text.getn     0x000000000000a36e       0x8b coreutils/lib.a(test.o)
 .text.check_operator
                0x000000000000a3f9       0x52 coreutils/lib.a(test.o)
 .text.binop    0x000000000000a44b      0x1a8 coreutils/lib.a(test.o)
 .text.nexpr    0x000000000000a5f3      0x32c coreutils/lib.a(test.o)
 .text.aexpr    0x000000000000a91f       0x65 coreutils/lib.a(test.o)
 .text.oexpr    0x000000000000a984       0x5e coreutils/lib.a(test.o)
 .text.test_main
                0x000000000000a9e2      0x1de coreutils/lib.a(test.o)
                0x000000000000a9e2                test_main
 .text.bb_cat   0x000000000000abc0       0x64 libbb/lib.a(bb_cat.o)
                0x000000000000abc0                bb_cat
 .text.bb_getgroups
                0x000000000000ac24       0x7f libbb/lib.a(bb_getgroups.o)
                0x000000000000ac24                bb_getgroups
 .text.concat_path_file
                0x000000000000aca3       0x5e libbb/lib.a(concat_path_file.o)
                0x000000000000aca3                concat_path_file
 .text.endofname
                0x000000000000ad01       0x2f libbb/lib.a(endofname.o)
                0x000000000000ad01                endofname
 .text.fflush_stdout_and_exit
                0x000000000000ad30       0x2b libbb/lib.a(fflush_stdout_and_exit.o)
                0x000000000000ad30                fflush_stdout_and_exit
 .text.find_mount_point
                0x000000000000ad5b      0x13e libbb/lib.a(find_mount_point.o)
                0x000000000000ad5b                find_mount_point
 .text.bb_get_chunk_from_file
                0x000000000000ae99       0x9a libbb/lib.a(get_line_from_file.o)
                0x000000000000ae99                bb_get_chunk_from_file
 .text.xmalloc_fgetline
                0x000000000000af33       0x51 libbb/lib.a(get_line_from_file.o)
                0x000000000000af33                xmalloc_fgetline
 .text.vgetopt32
                0x000000000000af84      0x49c libbb/lib.a(getopt32.o)
 .text.getopt32
                0x000000000000b420       0xb1 libbb/lib.a(getopt32.o)
                0x000000000000b420                getopt32
 .text.llist_add_to
                0x000000000000b4d1       0x24 libbb/lib.a(llist.o)
                0x000000000000b4d1                llist_add_to
 .text.llist_add_to_end
                0x000000000000b4f5       0x2b libbb/lib.a(llist.o)
                0x000000000000b4f5                llist_add_to_end
 .text.llist_pop
                0x000000000000b520       0x21 libbb/lib.a(llist.o)
                0x000000000000b520                llist_pop
 .text.llist_rev
                0x000000000000b541       0x16 libbb/lib.a(llist.o)
                0x000000000000b541                llist_rev
 .text.sanitize_env_if_suid
                0x000000000000b557       0x4b libbb/lib.a(login.o)
                0x000000000000b557                sanitize_env_if_suid
 .text.query_loop
                0x000000000000b5a2       0x88 libbb/lib.a(loop.o)
                0x000000000000b5a2                query_loop
 .text.del_loop
                0x000000000000b62a       0x3b libbb/lib.a(loop.o)
                0x000000000000b62a                del_loop
 .text.get_free_loop
                0x000000000000b665       0x44 libbb/lib.a(loop.o)
                0x000000000000b665                get_free_loop
 .text.set_loop
                0x000000000000b6a9      0x310 libbb/lib.a(loop.o)
                0x000000000000b6a9                set_loop
 .text.bb_make_directory
                0x000000000000b9b9      0x19b libbb/lib.a(make_directory.o)
                0x000000000000b9b9                bb_make_directory
 .text.fstype_matches
                0x000000000000bb54       0x65 libbb/lib.a(match_fstype.o)
                0x000000000000bb54                fstype_matches
 .text.config_open2
                0x000000000000bbb9       0x22 libbb/lib.a(parse_config.o)
                0x000000000000bbb9                config_open2
 .text.config_close
                0x000000000000bbdb       0x2d libbb/lib.a(parse_config.o)
                0x000000000000bbdb                config_close
 .text.config_read
                0x000000000000bc08      0x2ac libbb/lib.a(parse_config.o)
                0x000000000000bc08                config_read
 .text.bb_parse_mode
                0x000000000000beb4      0x1fe libbb/lib.a(parse_mode.o)
                0x000000000000beb4                bb_parse_mode
 .text.bb_perror_nomsg_and_die
                0x000000000000c0b2        0x9 libbb/lib.a(perror_nomsg_and_die.o)
                0x000000000000c0b2                bb_perror_nomsg_and_die
 .text.print_numbered_lines
                0x000000000000c0bb       0x9a libbb/lib.a(print_numbered_lines.o)
                0x000000000000c0bb                print_numbered_lines
 .text.visible  0x000000000000c155       0x47 libbb/lib.a(printable.o)
                0x000000000000c155                visible
 .text.xmalloc_read_with_initial_buf
                0x000000000000c19c      0x111 libbb/lib.a(read_printf.o)
                0x000000000000c19c                xmalloc_read_with_initial_buf
 .text.xmalloc_read
                0x000000000000c2ad        0x9 libbb/lib.a(read_printf.o)
                0x000000000000c2ad                xmalloc_read
 .text.xmalloc_open_read_close
                0x000000000000c2b6       0x37 libbb/lib.a(read_printf.o)
                0x000000000000c2b6                xmalloc_open_read_close
 .text.true_action
                0x000000000000c2ed        0x6 libbb/lib.a(recursive_action.o)
 .text.recursive_action
                0x000000000000c2f3      0x212 libbb/lib.a(recursive_action.o)
                0x000000000000c2f3                recursive_action
 .text.safe_strncpy
                0x000000000000c505       0x1a libbb/lib.a(safe_strncpy.o)
                0x000000000000c505                safe_strncpy
 .text.overlapping_strcpy
                0x000000000000c51f       0x15 libbb/lib.a(safe_strncpy.o)
                0x000000000000c51f                overlapping_strcpy
 .text.bb_simplify_abs_path_inplace
                0x000000000000c534       0x7a libbb/lib.a(simplify_path.o)
                0x000000000000c534                bb_simplify_abs_path_inplace
 .text.bb_simplify_path
                0x000000000000c5ae       0x46 libbb/lib.a(simplify_path.o)
                0x000000000000c5ae                bb_simplify_path
 .text.skip_whitespace
                0x000000000000c5f4       0x18 libbb/lib.a(skip_whitespace.o)
                0x000000000000c5f4                skip_whitespace
 .text.skip_non_whitespace
                0x000000000000c60c       0x18 libbb/lib.a(skip_whitespace.o)
                0x000000000000c60c                skip_non_whitespace
 .text.get_signame
                0x000000000000c624       0x21 libbb/lib.a(u_signal_names.o)
                0x000000000000c624                get_signame
 .text.xfdopen_helper
                0x000000000000c645       0x2a libbb/lib.a(wfopen.o)
 .text.fopen_or_warn
                0x000000000000c66f       0x2a libbb/lib.a(wfopen.o)
                0x000000000000c66f                fopen_or_warn
 .text.fopen_for_read
                0x000000000000c699        0xc libbb/lib.a(wfopen.o)
                0x000000000000c699                fopen_for_read
 .text.xfopen_for_read
                0x000000000000c6a5        0xc libbb/lib.a(wfopen.o)
                0x000000000000c6a5                xfopen_for_read
 .text.xfdopen_for_read
                0x000000000000c6b1        0x7 libbb/lib.a(wfopen.o)
                0x000000000000c6b1                xfdopen_for_read
 .text.fopen_or_warn_stdin
                0x000000000000c6b8       0x2b libbb/lib.a(wfopen_input.o)
                0x000000000000c6b8                fopen_or_warn_stdin
 .text.open_or_warn_stdin
                0x000000000000c6e3       0x21 libbb/lib.a(wfopen_input.o)
                0x000000000000c6e3                open_or_warn_stdin
 .text.xstrtoull_range_sfx
                0x000000000000c704      0x120 libbb/lib.a(xatonum.o)
                0x000000000000c704                xstrtoull_range_sfx
 .text.xatoull_sfx
                0x000000000000c824       0x13 libbb/lib.a(xatonum.o)
                0x000000000000c824                xatoull_sfx
 .text.xatoull  0x000000000000c837        0x7 libbb/lib.a(xatonum.o)
                0x000000000000c837                xatoull
 .text.xstrtou_range_sfx
                0x000000000000c83e      0x143 libbb/lib.a(xatonum.o)
                0x000000000000c83e                xstrtou_range_sfx
 .text.xatou_range
                0x000000000000c981       0x11 libbb/lib.a(xatonum.o)
                0x000000000000c981                xatou_range
 .text.xatou_sfx
                0x000000000000c992       0x12 libbb/lib.a(xatonum.o)
                0x000000000000c992                xatou_sfx
 .text.xatou    0x000000000000c9a4        0x7 libbb/lib.a(xatonum.o)
                0x000000000000c9a4                xatou
 .text.xstrtoi_range_sfx
                0x000000000000c9ab       0x5e libbb/lib.a(xatonum.o)
                0x000000000000c9ab                xstrtoi_range_sfx
 .text.xatoi    0x000000000000ca09       0x17 libbb/lib.a(xatonum.o)
                0x000000000000ca09                xatoi
 .text.xatoi_positive
                0x000000000000ca20        0xc libbb/lib.a(xatonum.o)
                0x000000000000ca20                xatoi_positive
 .text.str2sockaddr
                0x000000000000ca2c      0x1de libbb/lib.a(xconnect.o)
 .text.sockaddr2str
                0x000000000000cc0a       0x9f libbb/lib.a(xconnect.o)
 .text.xhost2sockaddr
                0x000000000000cca9        0xa libbb/lib.a(xconnect.o)
                0x000000000000cca9                xhost2sockaddr
 .text.xmalloc_sockaddr2dotted_noport
                0x000000000000ccb3        0xa libbb/lib.a(xconnect.o)
                0x000000000000ccb3                xmalloc_sockaddr2dotted_noport
 .text.xrealloc_getcwd_or_warn
                0x000000000000ccbd       0x72 libbb/lib.a(xgetcwd.o)
                0x000000000000ccbd                xrealloc_getcwd_or_warn
 .text.concat_subpath_file
                0x000000000000cd2f       0x23 libbb/lib.a(concat_subpath_file.o)
                0x000000000000cd2f                concat_subpath_file
 .text.closedir
                0x000000000000cd52       0x26 /usr/lib/gcc/x86_64-alpine-linux-musl/9.2.0/../../../../lib/libc.a(closedir.lo)
                0x000000000000cd52                closedir
 .text.opendir  0x000000000000cd78       0x40 /usr/lib/gcc/x86_64-alpine-linux-musl/9.2.0/../../../../lib/libc.a(opendir.lo)
                0x000000000000cd78                opendir
 .text.readdir  0x000000000000cdb8       0x66 /usr/lib/gcc/x86_64-alpine-linux-musl/9.2.0/../../../../lib/libc.a(readdir.lo)
                0x000000000000cdb8                readdir
                0x000000000000cdb8                readdir64
 .text.__init_libc
                0x000000000000ce1e      0x182 /usr/lib/gcc/x86_64-alpine-linux-musl/9.2.0/../../../../lib/libc.a(__libc_start_main.lo)
                0x000000000000ce1e                __init_libc
 .text.libc_start_init
                0x000000000000cfa0       0x20 /usr/lib/gcc/x86_64-alpine-linux-musl/9.2.0/../../../../lib/libc.a(__libc_start_main.lo)
                0x000000000000cfa0                __libc_start_init
 .text.libc_start_main_stage2
                0x000000000000cfc0       0x2f /usr/lib/gcc/x86_64-alpine-linux-musl/9.2.0/../../../../lib/libc.a(__libc_start_main.lo)
 .text.__libc_start_main
                0x000000000000cfef       0x3a /usr/lib/gcc/x86_64-alpine-linux-musl/9.2.0/../../../../lib/libc.a(__libc_start_main.lo)
                0x000000000000cfef                __libc_start_main
 .text.__init_ssp
                0x000000000000d029       0x3b /usr/lib/gcc/x86_64-alpine-linux-musl/9.2.0/../../../../lib/libc.a(__stack_chk_fail.lo)
                0x000000000000d029                __init_ssp
 .text.__stack_chk_fail
                0x000000000000d064        0x2 /usr/lib/gcc/x86_64-alpine-linux-musl/9.2.0/../../../../lib/libc.a(__stack_chk_fail.lo)
                0x000000000000d064                __stack_chk_fail_local
                0x000000000000d064                __stack_chk_fail
 .text.getenv   0x000000000000d066       0x64 /usr/lib/gcc/x86_64-alpine-linux-musl/9.2.0/../../../../lib/libc.a(getenv.lo)
                0x000000000000d066                getenv
 .text.__putenv
                0x000000000000d0ca      0x102 /usr/lib/gcc/x86_64-alpine-linux-musl/9.2.0/../../../../lib/libc.a(putenv.lo)
                0x000000000000d0ca                __putenv
 .text.putenv   0x000000000000d1cc       0x2f /usr/lib/gcc/x86_64-alpine-linux-musl/9.2.0/../../../../lib/libc.a(putenv.lo)
                0x000000000000d1cc                putenv
 .text.__env_rm_add
                0x000000000000d1fb       0x7e /usr/lib/gcc/x86_64-alpine-linux-musl/9.2.0/../../../../lib/libc.a(setenv.lo)
                0x000000000000d1fb                __env_rm_add
 .text.unsetenv
                0x000000000000d279       0xa1 /usr/lib/gcc/x86_64-alpine-linux-musl/9.2.0/../../../../lib/libc.a(unsetenv.lo)
                0x000000000000d279                unsetenv
 .text.__errno_location
                0x000000000000d31a        0xe /usr/lib/gcc/x86_64-alpine-linux-musl/9.2.0/../../../../lib/libc.a(__errno_location.lo)
                0x000000000000d31a                ___errno_location
                0x000000000000d31a                __errno_location
 .text.__strerror_l
                0x000000000000d328       0x3c /usr/lib/gcc/x86_64-alpine-linux-musl/9.2.0/../../../../lib/libc.a(strerror.lo)
                0x000000000000d328                strerror_l
                0x000000000000d328                __strerror_l
 .text.strerror
                0x000000000000d364       0x15 /usr/lib/gcc/x86_64-alpine-linux-musl/9.2.0/../../../../lib/libc.a(strerror.lo)
                0x000000000000d364                strerror
 .text.dummy    0x000000000000d379        0x1 /usr/lib/gcc/x86_64-alpine-linux-musl/9.2.0/../../../../lib/libc.a(exit.lo)
                0x000000000000d379                __funcs_on_exit
 .text.libc_exit_fini
                0x000000000000d37a       0x23 /usr/lib/gcc/x86_64-alpine-linux-musl/9.2.0/../../../../lib/libc.a(exit.lo)
                0x000000000000d37a                __libc_exit_fini
 .text.fcntl    0x000000000000d39d      0x123 /usr/lib/gcc/x86_64-alpine-linux-musl/9.2.0/../../../../lib/libc.a(fcntl.lo)
                0x000000000000d39d                fcntl
 .text.open     0x000000000000d4c0       0x86 /usr/lib/gcc/x86_64-alpine-linux-musl/9.2.0/../../../../lib/libc.a(open.lo)
                0x000000000000d4c0                open64
                0x000000000000d4c0                open
 .text.__syscall_ret
                0x000000000000d546       0x1f /usr/lib/gcc/x86_64-alpine-linux-musl/9.2.0/../../../../lib/libc.a(syscall_ret.lo)
                0x000000000000d546                __syscall_ret
 .text.chroot   0x000000000000d565       0x12 /usr/lib/gcc/x86_64-alpine-linux-musl/9.2.0/../../../../lib/libc.a(chroot.lo)
                0x000000000000d565                chroot
 .text.mount    0x000000000000d577       0x15 /usr/lib/gcc/x86_64-alpine-linux-musl/9.2.0/../../../../lib/libc.a(mount.lo)
                0x000000000000d577                mount
 .text.dummy    0x000000000000d58c        0x4 /usr/lib/gcc/x86_64-alpine-linux-musl/9.2.0/../../../../lib/libc.a(__lctrans.lo)
                0x000000000000d58c                __lctrans_impl
 .text.__lctrans
                0x000000000000d590        0x5 /usr/lib/gcc/x86_64-alpine-linux-musl/9.2.0/../../../../lib/libc.a(__lctrans.lo)
                0x000000000000d590                __lctrans
 .text.__lctrans_cur
                0x000000000000d595       0x19 /usr/lib/gcc/x86_64-alpine-linux-musl/9.2.0/../../../../lib/libc.a(__lctrans.lo)
                0x000000000000d595                __lctrans_cur
 .text.bin_index
                0x000000000000d5ae       0x4c /usr/lib/gcc/x86_64-alpine-linux-musl/9.2.0/../../../../lib/libc.a(malloc.lo)
 .text.unbin    0x000000000000d5fa       0x47 /usr/lib/gcc/x86_64-alpine-linux-musl/9.2.0/../../../../lib/libc.a(malloc.lo)
 .text.adjust_size
                0x000000000000d641       0x43 /usr/lib/gcc/x86_64-alpine-linux-musl/9.2.0/../../../../lib/libc.a(malloc.lo)
 .text.__wake.constprop.2
                0x000000000000d684       0x24 /usr/lib/gcc/x86_64-alpine-linux-musl/9.2.0/../../../../lib/libc.a(malloc.lo)
 .text.alloc_rev
                0x000000000000d6a8      0x103 /usr/lib/gcc/x86_64-alpine-linux-musl/9.2.0/../../../../lib/libc.a(malloc.lo)
 .text.alloc_fwd
                0x000000000000d7ab       0xfc /usr/lib/gcc/x86_64-alpine-linux-musl/9.2.0/../../../../lib/libc.a(malloc.lo)
 .text.__bin_chunk
                0x000000000000d8a7      0x2ea /usr/lib/gcc/x86_64-alpine-linux-musl/9.2.0/../../../../lib/libc.a(malloc.lo)
                0x000000000000d8a7                __bin_chunk
 .text.trim     0x000000000000db91       0x3e /usr/lib/gcc/x86_64-alpine-linux-musl/9.2.0/../../../../lib/libc.a(malloc.lo)
 .text.malloc   0x000000000000dbcf      0x3a0 /usr/lib/gcc/x86_64-alpine-linux-musl/9.2.0/../../../../lib/libc.a(malloc.lo)
                0x000000000000dbcf                malloc
 .text.calloc   0x000000000000df6f       0xad /usr/lib/gcc/x86_64-alpine-linux-musl/9.2.0/../../../../lib/libc.a(malloc.lo)
                0x000000000000df6f                calloc
 .text.free     0x000000000000e01c       0x38 /usr/lib/gcc/x86_64-alpine-linux-musl/9.2.0/../../../../lib/libc.a(malloc.lo)
                0x000000000000e01c                free
 .text.realloc  0x000000000000e054      0x184 /usr/lib/gcc/x86_64-alpine-linux-musl/9.2.0/../../../../lib/libc.a(malloc.lo)
                0x000000000000e054                realloc
 .text.__getopt_msg
                0x000000000000e1d8       0xbb /usr/lib/gcc/x86_64-alpine-linux-musl/9.2.0/../../../../lib/libc.a(getopt.lo)
                0x000000000000e1d8                __getopt_msg
 .text.getopt   0x000000000000e293      0x24b /usr/lib/gcc/x86_64-alpine-linux-musl/9.2.0/../../../../lib/libc.a(getopt.lo)
                0x000000000000e293                __posix_getopt
                0x000000000000e293                getopt
 .text.ioctl    0x000000000000e4de       0x3f /usr/lib/gcc/x86_64-alpine-linux-musl/9.2.0/../../../../lib/libc.a(ioctl.lo)
                0x000000000000e4de                ioctl
 .text.setmntent
                0x000000000000e51d        0x5 /usr/lib/gcc/x86_64-alpine-linux-musl/9.2.0/../../../../lib/libc.a(mntent.lo)
                0x000000000000e51d                setmntent
 .text.endmntent
                0x000000000000e522       0x18 /usr/lib/gcc/x86_64-alpine-linux-musl/9.2.0/../../../../lib/libc.a(mntent.lo)
                0x000000000000e522                endmntent
 .text.getmntent_r
                0x000000000000e53a      0x173 /usr/lib/gcc/x86_64-alpine-linux-musl/9.2.0/../../../../lib/libc.a(mntent.lo)
                0x000000000000e53a                getmntent_r
 .text.getmntent
                0x000000000000e6ad       0x15 /usr/lib/gcc/x86_64-alpine-linux-musl/9.2.0/../../../../lib/libc.a(mntent.lo)
                0x000000000000e6ad                getmntent
 .text.syscall  0x000000000000e6c2       0xab /usr/lib/gcc/x86_64-alpine-linux-musl/9.2.0/../../../../lib/libc.a(syscall.lo)
                0x000000000000e6c2                syscall
 .text.uname    0x000000000000e76d       0x12 /usr/lib/gcc/x86_64-alpine-linux-musl/9.2.0/../../../../lib/libc.a(uname.lo)
                0x000000000000e76d                uname
 .text.__madvise
                0x000000000000e77f       0x15 /usr/lib/gcc/x86_64-alpine-linux-musl/9.2.0/../../../../lib/libc.a(madvise.lo)
                0x000000000000e77f                madvise
                0x000000000000e77f                __madvise
 .text.dummy    0x000000000000e794        0x1 /usr/lib/gcc/x86_64-alpine-linux-musl/9.2.0/../../../../lib/libc.a(mmap.lo)
                0x000000000000e794                __vm_wait
 .text.__mmap   0x000000000000e795       0xaf /usr/lib/gcc/x86_64-alpine-linux-musl/9.2.0/../../../../lib/libc.a(mmap.lo)
                0x000000000000e795                __mmap
                0x000000000000e795                mmap
                0x000000000000e795                mmap64
 .text.__mremap
                0x000000000000e844       0x93 /usr/lib/gcc/x86_64-alpine-linux-musl/9.2.0/../../../../lib/libc.a(mremap.lo)
                0x000000000000e844                mremap
                0x000000000000e844                __mremap
 .text.__munmap
                0x000000000000e8d7       0x2f /usr/lib/gcc/x86_64-alpine-linux-musl/9.2.0/../../../../lib/libc.a(munmap.lo)
                0x000000000000e8d7                munmap
                0x000000000000e8d7                __munmap
 .text.mbtowc   0x000000000000e906      0x10e /usr/lib/gcc/x86_64-alpine-linux-musl/9.2.0/../../../../lib/libc.a(mbtowc.lo)
                0x000000000000e906                mbtowc
 .text.bind     0x000000000000ea14       0x20 /usr/lib/gcc/x86_64-alpine-linux-musl/9.2.0/../../../../lib/libc.a(bind.lo)
                0x000000000000ea14                bind
 .text.connect  0x000000000000ea34       0x2e /usr/lib/gcc/x86_64-alpine-linux-musl/9.2.0/../../../../lib/libc.a(connect.lo)
                0x000000000000ea34                connect
 .text.freeaddrinfo
                0x000000000000ea62       0x53 /usr/lib/gcc/x86_64-alpine-linux-musl/9.2.0/../../../../lib/libc.a(freeaddrinfo.lo)
                0x000000000000ea62                freeaddrinfo
 .text.getaddrinfo
                0x000000000000eab5      0x3c0 /usr/lib/gcc/x86_64-alpine-linux-musl/9.2.0/../../../../lib/libc.a(getaddrinfo.lo)
                0x000000000000eab5                getaddrinfo
 .text.dns_parse_callback
                0x000000000000ee75       0x2f /usr/lib/gcc/x86_64-alpine-linux-musl/9.2.0/../../../../lib/libc.a(getnameinfo.lo)
 .text.getnameinfo
                0x000000000000eea4      0x625 /usr/lib/gcc/x86_64-alpine-linux-musl/9.2.0/../../../../lib/libc.a(getnameinfo.lo)
                0x000000000000eea4                getnameinfo
 .text.getsockname
                0x000000000000f4c9       0x1e /usr/lib/gcc/x86_64-alpine-linux-musl/9.2.0/../../../../lib/libc.a(getsockname.lo)
                0x000000000000f4c9                getsockname
 .text.htons    0x000000000000f4e7        0x5 /usr/lib/gcc/x86_64-alpine-linux-musl/9.2.0/../../../../lib/libc.a(htons.lo)
                0x000000000000f4e7                htons
 .text.if_indextoname
                0x000000000000f4ec       0x79 /usr/lib/gcc/x86_64-alpine-linux-musl/9.2.0/../../../../lib/libc.a(if_indextoname.lo)
                0x000000000000f4ec                if_indextoname
 .text.__inet_aton
                0x000000000000f565      0x10c /usr/lib/gcc/x86_64-alpine-linux-musl/9.2.0/../../../../lib/libc.a(inet_aton.lo)
                0x000000000000f565                __inet_aton
                0x000000000000f565                inet_aton
 .text.inet_ntop
                0x000000000000f671      0x25b /usr/lib/gcc/x86_64-alpine-linux-musl/9.2.0/../../../../lib/libc.a(inet_ntop.lo)
                0x000000000000f671                inet_ntop
 .text.__lookup_ipliteral
                0x000000000000f8cc      0x182 /usr/lib/gcc/x86_64-alpine-linux-musl/9.2.0/../../../../lib/libc.a(lookup_ipliteral.lo)
                0x000000000000f8cc                __lookup_ipliteral
 .text.addrcmp  0x000000000000fa4e        0x7 /usr/lib/gcc/x86_64-alpine-linux-musl/9.2.0/../../../../lib/libc.a(lookup_name.lo)
 .text.name_from_dns
                0x000000000000fa55      0x19b /usr/lib/gcc/x86_64-alpine-linux-musl/9.2.0/../../../../lib/libc.a(lookup_name.lo)
 .text.policyof
                0x000000000000fbf0       0x59 /usr/lib/gcc/x86_64-alpine-linux-musl/9.2.0/../../../../lib/libc.a(lookup_name.lo)
 .text.scopeof  0x000000000000fc49       0x6e /usr/lib/gcc/x86_64-alpine-linux-musl/9.2.0/../../../../lib/libc.a(lookup_name.lo)
 .text.is_valid_hostname
                0x000000000000fcb7       0x55 /usr/lib/gcc/x86_64-alpine-linux-musl/9.2.0/../../../../lib/libc.a(lookup_name.lo)
 .text.dns_parse_callback
                0x000000000000fd0c       0xe2 /usr/lib/gcc/x86_64-alpine-linux-musl/9.2.0/../../../../lib/libc.a(lookup_name.lo)
 .text.name_from_hosts
                0x000000000000fdee      0x1e3 /usr/lib/gcc/x86_64-alpine-linux-musl/9.2.0/../../../../lib/libc.a(lookup_name.lo)
 .text.__lookup_name
                0x000000000000ffd1      0x6cc /usr/lib/gcc/x86_64-alpine-linux-musl/9.2.0/../../../../lib/libc.a(lookup_name.lo)
                0x000000000000ffd1                __lookup_name
 .text.__lookup_serv
                0x000000000001069d      0x2df /usr/lib/gcc/x86_64-alpine-linux-musl/9.2.0/../../../../lib/libc.a(lookup_serv.lo)
                0x000000000001069d                __lookup_serv
 .text.ntohs    0x000000000001097c        0x5 /usr/lib/gcc/x86_64-alpine-linux-musl/9.2.0/../../../../lib/libc.a(ntohs.lo)
                0x000000000001097c                ntohs
 .text.__res_mkquery
                0x0000000000010981      0x16b /usr/lib/gcc/x86_64-alpine-linux-musl/9.2.0/../../../../lib/libc.a(res_mkquery.lo)
                0x0000000000010981                res_mkquery
                0x0000000000010981                __res_mkquery
 .text.cleanup  0x0000000000010aec        0x8 /usr/lib/gcc/x86_64-alpine-linux-musl/9.2.0/../../../../lib/libc.a(res_msend.lo)
 .text.mtime    0x0000000000010af4       0x2d /usr/lib/gcc/x86_64-alpine-linux-musl/9.2.0/../../../../lib/libc.a(res_msend.lo)
 .text.__res_msend_rc
                0x0000000000010b21      0x573 /usr/lib/gcc/x86_64-alpine-linux-musl/9.2.0/../../../../lib/libc.a(res_msend.lo)
                0x0000000000010b21                __res_msend_rc
 .text.__res_msend
                0x0000000000011094       0x6d /usr/lib/gcc/x86_64-alpine-linux-musl/9.2.0/../../../../lib/libc.a(res_msend.lo)
                0x0000000000011094                __res_msend
 .text.__res_send
                0x0000000000011101       0x44 /usr/lib/gcc/x86_64-alpine-linux-musl/9.2.0/../../../../lib/libc.a(res_send.lo)
                0x0000000000011101                __res_send
                0x0000000000011101                res_send
 .text.__get_resolv_conf
                0x0000000000011145      0x394 /usr/lib/gcc/x86_64-alpine-linux-musl/9.2.0/../../../../lib/libc.a(resolvconf.lo)
                0x0000000000011145                __get_resolv_conf
 .text.sendto   0x00000000000114d9       0x31 /usr/lib/gcc/x86_64-alpine-linux-musl/9.2.0/../../../../lib/libc.a(sendto.lo)
                0x00000000000114d9                sendto
 .text.setsockopt
                0x000000000001150a       0x24 /usr/lib/gcc/x86_64-alpine-linux-musl/9.2.0/../../../../lib/libc.a(setsockopt.lo)
                0x000000000001150a                setsockopt
 .text.socket   0x000000000001152e       0xc7 /usr/lib/gcc/x86_64-alpine-linux-musl/9.2.0/../../../../lib/libc.a(socket.lo)
                0x000000000001152e                socket
 .text.execv    0x00000000000115f5        0xf /usr/lib/gcc/x86_64-alpine-linux-musl/9.2.0/../../../../lib/libc.a(execv.lo)
                0x00000000000115f5                execv
 .text.execve   0x0000000000011604       0x12 /usr/lib/gcc/x86_64-alpine-linux-musl/9.2.0/../../../../lib/libc.a(execve.lo)
                0x0000000000011604                execve
 .text.__execvpe
                0x0000000000011616      0x199 /usr/lib/gcc/x86_64-alpine-linux-musl/9.2.0/../../../../lib/libc.a(execvp.lo)
                0x0000000000011616                execvpe
                0x0000000000011616                __execvpe
 .text.execvp   0x00000000000117af        0xf /usr/lib/gcc/x86_64-alpine-linux-musl/9.2.0/../../../../lib/libc.a(execvp.lo)
                0x00000000000117af                execvp
 .text.dummy    0x00000000000117be        0x1 /usr/lib/gcc/x86_64-alpine-linux-musl/9.2.0/../../../../lib/libc.a(fork.lo)
                0x00000000000117be                __fork_handler
 .text.fork     0x00000000000117bf       0x96 /usr/lib/gcc/x86_64-alpine-linux-musl/9.2.0/../../../../lib/libc.a(fork.lo)
                0x00000000000117bf                fork
 .text.wait     0x0000000000011855        0xd /usr/lib/gcc/x86_64-alpine-linux-musl/9.2.0/../../../../lib/libc.a(wait.lo)
                0x0000000000011855                wait
 .text.waitpid  0x0000000000011862       0x2f /usr/lib/gcc/x86_64-alpine-linux-musl/9.2.0/../../../../lib/libc.a(waitpid.lo)
                0x0000000000011862                waitpid
 .text          0x0000000000011891       0x11 /usr/lib/gcc/x86_64-alpine-linux-musl/9.2.0/../../../../lib/libc.a(vfork.lo)
                0x0000000000011891                vfork
 .text.casefold
                0x00000000000118a2       0x16 /usr/lib/gcc/x86_64-alpine-linux-musl/9.2.0/../../../../lib/libc.a(fnmatch.lo)
 .text.match_bracket
                0x00000000000118b8      0x1cc /usr/lib/gcc/x86_64-alpine-linux-musl/9.2.0/../../../../lib/libc.a(fnmatch.lo)
 .text.pat_next
                0x0000000000011a84      0x19b /usr/lib/gcc/x86_64-alpine-linux-musl/9.2.0/../../../../lib/libc.a(fnmatch.lo)
 .text.str_next
                0x0000000000011c1f       0x58 /usr/lib/gcc/x86_64-alpine-linux-musl/9.2.0/../../../../lib/libc.a(fnmatch.lo)
 .text.fnmatch_internal
                0x0000000000011c77      0x3ba /usr/lib/gcc/x86_64-alpine-linux-musl/9.2.0/../../../../lib/libc.a(fnmatch.lo)
 .text.fnmatch  0x0000000000012031      0x12d /usr/lib/gcc/x86_64-alpine-linux-musl/9.2.0/../../../../lib/libc.a(fnmatch.lo)
                0x0000000000012031                fnmatch
 .text.ignore_err
                0x000000000001215e        0x3 /usr/lib/gcc/x86_64-alpine-linux-musl/9.2.0/../../../../lib/libc.a(glob.lo)
 .text.freelist
                0x0000000000012161       0x1c /usr/lib/gcc/x86_64-alpine-linux-musl/9.2.0/../../../../lib/libc.a(glob.lo)
 .text.sort     0x000000000001217d        0xb /usr/lib/gcc/x86_64-alpine-linux-musl/9.2.0/../../../../lib/libc.a(glob.lo)
 .text.append   0x0000000000012188       0x7c /usr/lib/gcc/x86_64-alpine-linux-musl/9.2.0/../../../../lib/libc.a(glob.lo)
 .text.do_glob  0x0000000000012204      0x461 /usr/lib/gcc/x86_64-alpine-linux-musl/9.2.0/../../../../lib/libc.a(glob.lo)
 .text.glob     0x0000000000012665      0x32a /usr/lib/gcc/x86_64-alpine-linux-musl/9.2.0/../../../../lib/libc.a(glob.lo)
                0x0000000000012665                glob
                0x0000000000012665                glob64
 .text.globfree
                0x000000000001298f       0x42 /usr/lib/gcc/x86_64-alpine-linux-musl/9.2.0/../../../../lib/libc.a(glob.lo)
                0x000000000001298f                globfree
                0x000000000001298f                globfree64
 .text.poll     0x00000000000129d1       0x2c /usr/lib/gcc/x86_64-alpine-linux-musl/9.2.0/../../../../lib/libc.a(poll.lo)
                0x00000000000129d1                poll
 .text          0x00000000000129fd       0x2f /usr/lib/gcc/x86_64-alpine-linux-musl/9.2.0/../../../../lib/libc.a(longjmp.lo)
                0x00000000000129fd                longjmp
                0x00000000000129fd                _longjmp
 .text          0x0000000000012a2c       0x2c /usr/lib/gcc/x86_64-alpine-linux-musl/9.2.0/../../../../lib/libc.a(setjmp.lo)
                0x0000000000012a2c                setjmp
                0x0000000000012a2c                __setjmp
                0x0000000000012a2c                _setjmp
 .text.__block_all_sigs
                0x0000000000012a58       0x1a /usr/lib/gcc/x86_64-alpine-linux-musl/9.2.0/../../../../lib/libc.a(block.lo)
                0x0000000000012a58                __block_all_sigs
 .text.__restore_sigs
                0x0000000000012a72       0x18 /usr/lib/gcc/x86_64-alpine-linux-musl/9.2.0/../../../../lib/libc.a(block.lo)
                0x0000000000012a72                __restore_sigs
 .text.__libc_sigaction
                0x0000000000012a8a      0x19b /usr/lib/gcc/x86_64-alpine-linux-musl/9.2.0/../../../../lib/libc.a(sigaction.lo)
                0x0000000000012a8a                __libc_sigaction
 .text.__sigaction
                0x0000000000012c25       0x26 /usr/lib/gcc/x86_64-alpine-linux-musl/9.2.0/../../../../lib/libc.a(sigaction.lo)
                0x0000000000012c25                sigaction
                0x0000000000012c25                __sigaction
 .text.sigaddset
                0x0000000000012c4b       0x2f /usr/lib/gcc/x86_64-alpine-linux-musl/9.2.0/../../../../lib/libc.a(sigaddset.lo)
                0x0000000000012c4b                sigaddset
 .text.sigdelset
                0x0000000000012c7a       0x31 /usr/lib/gcc/x86_64-alpine-linux-musl/9.2.0/../../../../lib/libc.a(sigdelset.lo)
                0x0000000000012c7a                sigdelset
 .text.sigfillset
                0x0000000000012cab       0x10 /usr/lib/gcc/x86_64-alpine-linux-musl/9.2.0/../../../../lib/libc.a(sigfillset.lo)
                0x0000000000012cab                sigfillset
 .text.sigisemptyset
                0x0000000000012cbb        0xa /usr/lib/gcc/x86_64-alpine-linux-musl/9.2.0/../../../../lib/libc.a(sigisemptyset.lo)
                0x0000000000012cbb                sigisemptyset
 .text.sigismember
                0x0000000000012cc5       0x14 /usr/lib/gcc/x86_64-alpine-linux-musl/9.2.0/../../../../lib/libc.a(sigismember.lo)
                0x0000000000012cc5                sigismember
 .text.signal   0x0000000000012cd9       0x58 /usr/lib/gcc/x86_64-alpine-linux-musl/9.2.0/../../../../lib/libc.a(signal.lo)
                0x0000000000012cd9                __sysv_signal
                0x0000000000012cd9                bsd_signal
                0x0000000000012cd9                signal
 .text          0x0000000000012d31        0xa /usr/lib/gcc/x86_64-alpine-linux-musl/9.2.0/../../../../lib/libc.a(restore.lo)
                0x0000000000012d32                __restore_rt
 .text.chmod    0x0000000000012d3b       0x14 /usr/lib/gcc/x86_64-alpine-linux-musl/9.2.0/../../../../lib/libc.a(chmod.lo)
                0x0000000000012d3b                chmod
 .text.fstat    0x0000000000012d4f       0x27 /usr/lib/gcc/x86_64-alpine-linux-musl/9.2.0/../../../../lib/libc.a(fstat.lo)
                0x0000000000012d4f                fstat64
                0x0000000000012d4f                fstat
 .text.fstatat  0x0000000000012d76      0x186 /usr/lib/gcc/x86_64-alpine-linux-musl/9.2.0/../../../../lib/libc.a(fstatat.lo)
                0x0000000000012d76                fstatat
                0x0000000000012d76                fstatat64
 .text.lstat    0x0000000000012efc       0x15 /usr/lib/gcc/x86_64-alpine-linux-musl/9.2.0/../../../../lib/libc.a(lstat.lo)
                0x0000000000012efc                lstat
                0x0000000000012efc                lstat64
 .text.mkdir    0x0000000000012f11       0x14 /usr/lib/gcc/x86_64-alpine-linux-musl/9.2.0/../../../../lib/libc.a(mkdir.lo)
                0x0000000000012f11                mkdir
 .text.stat     0x0000000000012f25       0x12 /usr/lib/gcc/x86_64-alpine-linux-musl/9.2.0/../../../../lib/libc.a(stat.lo)
                0x0000000000012f25                stat64
                0x0000000000012f25                stat
 .text.__statfs
                0x0000000000012f37       0x24 /usr/lib/gcc/x86_64-alpine-linux-musl/9.2.0/../../../../lib/libc.a(statvfs.lo)
                0x0000000000012f37                statfs64
                0x0000000000012f37                statfs
 .text.umask    0x0000000000012f5b       0x14 /usr/lib/gcc/x86_64-alpine-linux-musl/9.2.0/../../../../lib/libc.a(umask.lo)
                0x0000000000012f5b                umask
 .text.__fclose_ca
                0x0000000000012f6f        0x3 /usr/lib/gcc/x86_64-alpine-linux-musl/9.2.0/../../../../lib/libc.a(__fclose_ca.lo)
                0x0000000000012f6f                __fclose_ca
 .text.__fdopen
                0x0000000000012f72      0x178 /usr/lib/gcc/x86_64-alpine-linux-musl/9.2.0/../../../../lib/libc.a(__fdopen.lo)
                0x0000000000012f72                fdopen
                0x0000000000012f72                __fdopen
 .text.__fopen_rb_ca
                0x00000000000130ea       0xa8 /usr/lib/gcc/x86_64-alpine-linux-musl/9.2.0/../../../../lib/libc.a(__fopen_rb_ca.lo)
                0x00000000000130ea                __fopen_rb_ca
 .text.__lockfile
                0x0000000000013192       0xaa /usr/lib/gcc/x86_64-alpine-linux-musl/9.2.0/../../../../lib/libc.a(__lockfile.lo)
                0x0000000000013192                __lockfile
 .text.__unlockfile
                0x000000000001323c       0x3c /usr/lib/gcc/x86_64-alpine-linux-musl/9.2.0/../../../../lib/libc.a(__lockfile.lo)
                0x000000000001323c                __unlockfile
 .text.dummy    0x0000000000013278        0x3 /usr/lib/gcc/x86_64-alpine-linux-musl/9.2.0/../../../../lib/libc.a(__stdio_close.lo)
                0x0000000000013278                __aio_close
 .text.__stdio_close
                0x000000000001327b       0x1d /usr/lib/gcc/x86_64-alpine-linux-musl/9.2.0/../../../../lib/libc.a(__stdio_close.lo)
                0x000000000001327b                __stdio_close
 .text.__stdio_read
                0x0000000000013298       0xb4 /usr/lib/gcc/x86_64-alpine-linux-musl/9.2.0/../../../../lib/libc.a(__stdio_read.lo)
                0x0000000000013298                __stdio_read
 .text.__stdio_seek
                0x000000000001334c        0x8 /usr/lib/gcc/x86_64-alpine-linux-musl/9.2.0/../../../../lib/libc.a(__stdio_seek.lo)
                0x000000000001334c                __stdio_seek
 .text.__stdio_write
                0x0000000000013354       0xdd /usr/lib/gcc/x86_64-alpine-linux-musl/9.2.0/../../../../lib/libc.a(__stdio_write.lo)
                0x0000000000013354                __stdio_write
 .text.dummy    0x0000000000013431        0x1 /usr/lib/gcc/x86_64-alpine-linux-musl/9.2.0/../../../../lib/libc.a(fclose.lo)
                0x0000000000013431                __unlist_locked_file
 .text.fclose   0x0000000000013432       0x93 /usr/lib/gcc/x86_64-alpine-linux-musl/9.2.0/../../../../lib/libc.a(fclose.lo)
                0x0000000000013432                fclose
 .text.feof     0x00000000000134c5       0x32 /usr/lib/gcc/x86_64-alpine-linux-musl/9.2.0/../../../../lib/libc.a(feof.lo)
                0x00000000000134c5                feof
                0x00000000000134c5                feof_unlocked
                0x00000000000134c5                _IO_feof_unlocked
 .text.ferror   0x00000000000134f7       0x32 /usr/lib/gcc/x86_64-alpine-linux-musl/9.2.0/../../../../lib/libc.a(ferror.lo)
                0x00000000000134f7                ferror
                0x00000000000134f7                _IO_ferror_unlocked
                0x00000000000134f7                ferror_unlocked
 .text.fflush   0x0000000000013529      0x135 /usr/lib/gcc/x86_64-alpine-linux-musl/9.2.0/../../../../lib/libc.a(fflush.lo)
                0x0000000000013529                fflush
                0x0000000000013529                fflush_unlocked
 .text.fgets    0x000000000001365e      0x167 /usr/lib/gcc/x86_64-alpine-linux-musl/9.2.0/../../../../lib/libc.a(fgets.lo)
                0x000000000001365e                fgets
                0x000000000001365e                fgets_unlocked
 .text.fopen    0x00000000000137c5       0xa5 /usr/lib/gcc/x86_64-alpine-linux-musl/9.2.0/../../../../lib/libc.a(fopen.lo)
                0x00000000000137c5                fopen
                0x00000000000137c5                fopen64
 .text.fputs    0x000000000001386a       0x35 /usr/lib/gcc/x86_64-alpine-linux-musl/9.2.0/../../../../lib/libc.a(fputs.lo)
                0x000000000001386a                fputs_unlocked
                0x000000000001386a                fputs
 .text.fscanf   0x000000000001389f       0x8f /usr/lib/gcc/x86_64-alpine-linux-musl/9.2.0/../../../../lib/libc.a(fscanf.lo)
                0x000000000001389f                fscanf
                0x000000000001389f                __isoc99_fscanf
 .text.__fwritex
                0x000000000001392e       0xaf /usr/lib/gcc/x86_64-alpine-linux-musl/9.2.0/../../../../lib/libc.a(fwrite.lo)
                0x000000000001392e                __fwritex
 .text.fwrite   0x00000000000139dd       0x89 /usr/lib/gcc/x86_64-alpine-linux-musl/9.2.0/../../../../lib/libc.a(fwrite.lo)
                0x00000000000139dd                fwrite_unlocked
                0x00000000000139dd                fwrite
 .text.locking_getc
                0x0000000000013a66       0x83 /usr/lib/gcc/x86_64-alpine-linux-musl/9.2.0/../../../../lib/libc.a(getc.lo)
 .text.getc     0x0000000000013ae9       0x3f /usr/lib/gcc/x86_64-alpine-linux-musl/9.2.0/../../../../lib/libc.a(getc.lo)
                0x0000000000013ae9                getc
                0x0000000000013ae9                _IO_getc
 .text.getc_unlocked
                0x0000000000013b28       0x1b /usr/lib/gcc/x86_64-alpine-linux-musl/9.2.0/../../../../lib/libc.a(getc_unlocked.lo)
                0x0000000000013b28                getc_unlocked
                0x0000000000013b28                _IO_getc_unlocked
                0x0000000000013b28                fgetc_unlocked
 .text.getline  0x0000000000013b43        0xd /usr/lib/gcc/x86_64-alpine-linux-musl/9.2.0/../../../../lib/libc.a(getline.lo)
                0x0000000000013b43                getline
 .text.__ofl_lock
                0x0000000000013b50       0x16 /usr/lib/gcc/x86_64-alpine-linux-musl/9.2.0/../../../../lib/libc.a(ofl.lo)
                0x0000000000013b50                __ofl_lock
 .text.__ofl_unlock
                0x0000000000013b66        0xc /usr/lib/gcc/x86_64-alpine-linux-musl/9.2.0/../../../../lib/libc.a(ofl.lo)
                0x0000000000013b66                __ofl_unlock
 .text.__ofl_add
                0x0000000000013b72       0x26 /usr/lib/gcc/x86_64-alpine-linux-musl/9.2.0/../../../../lib/libc.a(ofl_add.lo)
                0x0000000000013b72                __ofl_add
 .text.printf   0x0000000000013b98       0x9e /usr/lib/gcc/x86_64-alpine-linux-musl/9.2.0/../../../../lib/libc.a(printf.lo)
                0x0000000000013b98                printf
 .text.locking_putc
                0x0000000000013c36       0x9a /usr/lib/gcc/x86_64-alpine-linux-musl/9.2.0/../../../../lib/libc.a(putc.lo)
 .text.putc     0x0000000000013cd0       0x56 /usr/lib/gcc/x86_64-alpine-linux-musl/9.2.0/../../../../lib/libc.a(putc.lo)
                0x0000000000013cd0                putc
                0x0000000000013cd0                _IO_putc
 .text.putchar_unlocked
                0x0000000000013d26       0x39 /usr/lib/gcc/x86_64-alpine-linux-musl/9.2.0/../../../../lib/libc.a(putchar_unlocked.lo)
                0x0000000000013d26                putchar_unlocked
 .text.puts     0x0000000000013d5f       0x93 /usr/lib/gcc/x86_64-alpine-linux-musl/9.2.0/../../../../lib/libc.a(puts.lo)
                0x0000000000013d5f                puts
 .text.snprintf
                0x0000000000013df2       0x8a /usr/lib/gcc/x86_64-alpine-linux-musl/9.2.0/../../../../lib/libc.a(snprintf.lo)
                0x0000000000013df2                snprintf
 .text.sprintf  0x0000000000013e7c       0x8f /usr/lib/gcc/x86_64-alpine-linux-musl/9.2.0/../../../../lib/libc.a(sprintf.lo)
                0x0000000000013e7c                sprintf
 .text.sscanf   0x0000000000013f0b       0x8f /usr/lib/gcc/x86_64-alpine-linux-musl/9.2.0/../../../../lib/libc.a(sscanf.lo)
                0x0000000000013f0b                sscanf
                0x0000000000013f0b                __isoc99_sscanf
 .text.vasprintf
                0x0000000000013f9a       0x6e /usr/lib/gcc/x86_64-alpine-linux-musl/9.2.0/../../../../lib/libc.a(vasprintf.lo)
                0x0000000000013f9a                vasprintf
 .text.pop_arg  0x0000000000014008      0x16e /usr/lib/gcc/x86_64-alpine-linux-musl/9.2.0/../../../../lib/libc.a(vfprintf.lo)
 .text.fmt_u    0x0000000000014176       0x20 /usr/lib/gcc/x86_64-alpine-linux-musl/9.2.0/../../../../lib/libc.a(vfprintf.lo)
 .text.getint   0x0000000000014196       0x3b /usr/lib/gcc/x86_64-alpine-linux-musl/9.2.0/../../../../lib/libc.a(vfprintf.lo)
 .text.out      0x00000000000141d1       0x17 /usr/lib/gcc/x86_64-alpine-linux-musl/9.2.0/../../../../lib/libc.a(vfprintf.lo)
 .text.pad      0x00000000000141e8       0x98 /usr/lib/gcc/x86_64-alpine-linux-musl/9.2.0/../../../../lib/libc.a(vfprintf.lo)
 .text.fmt_fp   0x0000000000014280      0xabf /usr/lib/gcc/x86_64-alpine-linux-musl/9.2.0/../../../../lib/libc.a(vfprintf.lo)
 .text.printf_core
                0x0000000000014d3f      0x939 /usr/lib/gcc/x86_64-alpine-linux-musl/9.2.0/../../../../lib/libc.a(vfprintf.lo)
 .text.vfprintf
                0x0000000000015678      0x18c /usr/lib/gcc/x86_64-alpine-linux-musl/9.2.0/../../../../lib/libc.a(vfprintf.lo)
                0x0000000000015678                vfprintf
 .text.store_int
                0x0000000000015804       0x2b /usr/lib/gcc/x86_64-alpine-linux-musl/9.2.0/../../../../lib/libc.a(vfscanf.lo)
 .text.arg_n    0x000000000001582f       0x77 /usr/lib/gcc/x86_64-alpine-linux-musl/9.2.0/../../../../lib/libc.a(vfscanf.lo)
 .text.vfscanf  0x00000000000158a6      0x985 /usr/lib/gcc/x86_64-alpine-linux-musl/9.2.0/../../../../lib/libc.a(vfscanf.lo)
                0x00000000000158a6                __isoc99_vfscanf
                0x00000000000158a6                vfscanf
 .text.sn_write
                0x000000000001622b       0x8c /usr/lib/gcc/x86_64-alpine-linux-musl/9.2.0/../../../../lib/libc.a(vsnprintf.lo)
 .text.vsnprintf
                0x00000000000162b7       0xa8 /usr/lib/gcc/x86_64-alpine-linux-musl/9.2.0/../../../../lib/libc.a(vsnprintf.lo)
                0x00000000000162b7                vsnprintf
 .text.vsprintf
                0x000000000001635f       0x10 /usr/lib/gcc/x86_64-alpine-linux-musl/9.2.0/../../../../lib/libc.a(vsprintf.lo)
                0x000000000001635f                vsprintf
 .text.do_read  0x000000000001636f        0x5 /usr/lib/gcc/x86_64-alpine-linux-musl/9.2.0/../../../../lib/libc.a(vsscanf.lo)
 .text.vsscanf  0x0000000000016374       0x4e /usr/lib/gcc/x86_64-alpine-linux-musl/9.2.0/../../../../lib/libc.a(vsscanf.lo)
                0x0000000000016374                vsscanf
                0x0000000000016374                __isoc99_vsscanf
 .text.shl      0x00000000000163c2       0x3f /usr/lib/gcc/x86_64-alpine-linux-musl/9.2.0/../../../../lib/libc.a(qsort.lo)
 .text.shr      0x0000000000016401       0x40 /usr/lib/gcc/x86_64-alpine-linux-musl/9.2.0/../../../../lib/libc.a(qsort.lo)
 .text.cycle    0x0000000000016441       0x8e /usr/lib/gcc/x86_64-alpine-linux-musl/9.2.0/../../../../lib/libc.a(qsort.lo)
 .text.sift     0x00000000000164cf       0xc4 /usr/lib/gcc/x86_64-alpine-linux-musl/9.2.0/../../../../lib/libc.a(qsort.lo)
 .text.trinkle  0x0000000000016593      0x184 /usr/lib/gcc/x86_64-alpine-linux-musl/9.2.0/../../../../lib/libc.a(qsort.lo)
 .text.qsort    0x0000000000016717      0x26c /usr/lib/gcc/x86_64-alpine-linux-musl/9.2.0/../../../../lib/libc.a(qsort.lo)
                0x0000000000016717                qsort
 .text.strtox   0x0000000000016983       0x7e /usr/lib/gcc/x86_64-alpine-linux-musl/9.2.0/../../../../lib/libc.a(strtol.lo)
 .text.strtoull
                0x0000000000016a01        0x9 /usr/lib/gcc/x86_64-alpine-linux-musl/9.2.0/../../../../lib/libc.a(strtol.lo)
                0x0000000000016a01                __strtoull_internal
                0x0000000000016a01                strtoull
 .text.strtoul  0x0000000000016a0a        0x9 /usr/lib/gcc/x86_64-alpine-linux-musl/9.2.0/../../../../lib/libc.a(strtol.lo)
                0x0000000000016a0a                strtoul
                0x0000000000016a0a                __strtoul_internal
 .text.strtol   0x0000000000016a13        0xe /usr/lib/gcc/x86_64-alpine-linux-musl/9.2.0/../../../../lib/libc.a(strtol.lo)
                0x0000000000016a13                __strtol_internal
                0x0000000000016a13                strtol
 .text.memchr   0x0000000000016a21       0x8f /usr/lib/gcc/x86_64-alpine-linux-musl/9.2.0/../../../../lib/libc.a(memchr.lo)
                0x0000000000016a21                memchr
 .text.memcmp   0x0000000000016ab0       0x20 /usr/lib/gcc/x86_64-alpine-linux-musl/9.2.0/../../../../lib/libc.a(memcmp.lo)
                0x0000000000016ab0                memcmp
 .text.mempcpy  0x0000000000016ad0        0xe /usr/lib/gcc/x86_64-alpine-linux-musl/9.2.0/../../../../lib/libc.a(mempcpy.lo)
                0x0000000000016ad0                mempcpy
 .text.__stpcpy